2026-02-18 05:10:27.547555: E external/local_xla/xla/stream_executor/cuda/cuda_fft.cc:485] Unable to register cuFFT factory: Attempting to register factory for plugin cuFFT when one has already been registered
2026-02-18 05:10:27.567085: E external/local_xla/xla/stream_executor/cuda/cuda_fft.cc:485] Unable to register cuFFT factory: Attempting to register factory for plugin cuFFT when one has already been registered
2026-02-18 05:10:27.567958: E external/local_xla/xla/stream_executor/cuda/cuda_dnn.cc:8454] Unable to register cuDNN factory: Attempting to register factory for plugin cuDNN when one has already been registered
2026-02-18 05:10:27.574160: E external/local_xla/xla/stream_executor/cuda/cuda_blas.cc:1452] Unable to register cuBLAS factory: Attempting to register factory for plugin cuBLAS when one has already been registered
2026-02-18 05:10:27.586795: E external/local_xla/xla/stream_executor/cuda/cuda_dnn.cc:8454] Unable to register cuDNN factory: Attempting to register factory for plugin cuDNN when one has already been registered
2026-02-18 05:10:27.592823: E external/local_xla/xla/stream_executor/cuda/cuda_blas.cc:1452] Unable to register cuBLAS factory: Attempting to register factory for plugin cuBLAS when one has already been registered
Initialized distributed mode...
/usr/local/lib/python3.10/dist-packages/torchvision/models/_utils.py:208: UserWarning: The parameter 'pretrained' is deprecated since 0.13 and may be removed in the future, please use 'weights' instead.
  warnings.warn(
/usr/local/lib/python3.10/dist-packages/torchvision/models/_utils.py:223: UserWarning: Arguments other than a weight enum or `None` for 'weights' are deprecated since 0.13 and may be removed in the future. The current behavior is equivalent to passing `weights=EfficientNet_B2_Weights.IMAGENET1K_V1`. You can also use `weights=EfficientNet_B2_Weights.DEFAULT` to get the most up-to-date weights.
  warnings.warn(msg)
Start training
/usr/local/lib/python3.10/dist-packages/torchvision/models/_utils.py:208: UserWarning: The parameter 'pretrained' is deprecated since 0.13 and may be removed in the future, please use 'weights' instead.
  warnings.warn(
/usr/local/lib/python3.10/dist-packages/torchvision/models/_utils.py:223: UserWarning: Arguments other than a weight enum or `None` for 'weights' are deprecated since 0.13 and may be removed in the future. The current behavior is equivalent to passing `weights=EfficientNet_B2_Weights.IMAGENET1K_V1`. You can also use `weights=EfficientNet_B2_Weights.DEFAULT` to get the most up-to-date weights.
  warnings.warn(msg)
Initial lr:  [0.0001, 0.0001]
Resume checkpoint from /kaggle/input/notebooks/kaviraatthanayaka/rt-detr-efi-b2-train-visdrone2019-baseline/RT-DETR_SOD_IMP/rtdetr_pytorch/output/rtdetr_visdrone_eb2/checkpoint0085.pth
Loading last_epoch
Loading model.state_dict
Loading ema.state_dict
Loading optimizer.state_dict
Loading lr_scheduler.state_dict
Overriding milestones to [80]
Resetting param_group[0] LR to 1e-05 (base_lr=0.0001, decay_count=1)
Resetting param_group[1] LR to 1e-05 (base_lr=0.0001, decay_count=1)
loading annotations into memory...
Done (t=1.97s)
creating index...
index created!
loading annotations into memory...
Done (t=0.11s)
creating index...
index created!
number of params: 16499354
Epoch: [86]  [  0/809]  eta: 1:44:39  lr: 0.000010  loss: 9.4548 (9.4548)  loss_bbox: 0.1167 (0.1167)  loss_bbox_aux_0: 0.1188 (0.1188)  loss_bbox_aux_1: 0.1179 (0.1179)  loss_bbox_aux_2: 0.1256 (0.1256)  loss_bbox_dn_0: 0.0647 (0.0647)  loss_bbox_dn_1: 0.0564 (0.0564)  loss_bbox_dn_2: 0.0560 (0.0560)  loss_giou: 0.8613 (0.8613)  loss_giou_aux_0: 0.8819 (0.8819)  loss_giou_aux_1: 0.8662 (0.8662)  loss_giou_aux_2: 0.9639 (0.9639)  loss_giou_dn_0: 0.6918 (0.6918)  loss_giou_dn_1: 0.6210 (0.6210)  loss_giou_dn_2: 0.6097 (0.6097)  loss_vfl: 0.4949 (0.4949)  loss_vfl_aux_0: 0.5087 (0.5087)  loss_vfl_aux_1: 0.5021 (0.5021)  loss_vfl_aux_2: 0.5183 (0.5183)  loss_vfl_dn_0: 0.4511 (0.4511)  loss_vfl_dn_1: 0.4176 (0.4176)  loss_vfl_dn_2: 0.4102 (0.4102)  time: 7.7617  data: 2.4248  max mem: 5725
Epoch: [86]  [100/809]  eta: 0:11:52  lr: 0.000010  loss: 9.7791 (9.6107)  loss_bbox: 0.0718 (0.0771)  loss_bbox_aux_0: 0.0747 (0.0820)  loss_bbox_aux_1: 0.0725 (0.0785)  loss_bbox_aux_2: 0.0880 (0.0960)  loss_bbox_dn_0: 0.0441 (0.0475)  loss_bbox_dn_1: 0.0361 (0.0397)  loss_bbox_dn_2: 0.0355 (0.0388)  loss_giou: 0.9882 (0.9256)  loss_giou_aux_0: 1.0086 (0.9512)  loss_giou_aux_1: 0.9821 (0.9297)  loss_giou_aux_2: 1.0814 (1.0140)  loss_giou_dn_0: 0.7394 (0.7373)  loss_giou_dn_1: 0.6632 (0.6666)  loss_giou_dn_2: 0.6565 (0.6572)  loss_vfl: 0.4659 (0.4797)  loss_vfl_aux_0: 0.4703 (0.4903)  loss_vfl_aux_1: 0.4704 (0.4859)  loss_vfl_aux_2: 0.4559 (0.4893)  loss_vfl_dn_0: 0.4565 (0.4625)  loss_vfl_dn_1: 0.4328 (0.4347)  loss_vfl_dn_2: 0.4250 (0.4270)  time: 0.9067  data: 0.0246  max mem: 9048
Epoch: [86]  [200/809]  eta: 0:09:55  lr: 0.000010  loss: 9.6912 (9.6788)  loss_bbox: 0.0676 (0.0814)  loss_bbox_aux_0: 0.0719 (0.0876)  loss_bbox_aux_1: 0.0680 (0.0846)  loss_bbox_aux_2: 0.0850 (0.1025)  loss_bbox_dn_0: 0.0443 (0.0469)  loss_bbox_dn_1: 0.0382 (0.0392)  loss_bbox_dn_2: 0.0361 (0.0382)  loss_giou: 0.9058 (0.9369)  loss_giou_aux_0: 0.9331 (0.9637)  loss_giou_aux_1: 0.9144 (0.9416)  loss_giou_aux_2: 1.0254 (1.0288)  loss_giou_dn_0: 0.7474 (0.7401)  loss_giou_dn_1: 0.6890 (0.6692)  loss_giou_dn_2: 0.6791 (0.6598)  loss_vfl: 0.4963 (0.4768)  loss_vfl_aux_0: 0.5070 (0.4889)  loss_vfl_aux_1: 0.5067 (0.4836)  loss_vfl_aux_2: 0.4990 (0.4861)  loss_vfl_dn_0: 0.4615 (0.4628)  loss_vfl_dn_1: 0.4317 (0.4338)  loss_vfl_dn_2: 0.4269 (0.4264)  time: 0.9415  data: 0.0246  max mem: 9048
Epoch: [86]  [300/809]  eta: 0:08:10  lr: 0.000010  loss: 9.5307 (9.6290)  loss_bbox: 0.0667 (0.0803)  loss_bbox_aux_0: 0.0718 (0.0861)  loss_bbox_aux_1: 0.0683 (0.0830)  loss_bbox_aux_2: 0.0851 (0.1009)  loss_bbox_dn_0: 0.0495 (0.0473)  loss_bbox_dn_1: 0.0400 (0.0395)  loss_bbox_dn_2: 0.0389 (0.0385)  loss_giou: 0.8955 (0.9282)  loss_giou_aux_0: 0.9232 (0.9549)  loss_giou_aux_1: 0.9064 (0.9327)  loss_giou_aux_2: 0.9831 (1.0204)  loss_giou_dn_0: 0.7188 (0.7358)  loss_giou_dn_1: 0.6668 (0.6653)  loss_giou_dn_2: 0.6563 (0.6559)  loss_vfl: 0.4870 (0.4769)  loss_vfl_aux_0: 0.4980 (0.4899)  loss_vfl_aux_1: 0.4935 (0.4837)  loss_vfl_aux_2: 0.4964 (0.4873)  loss_vfl_dn_0: 0.4669 (0.4630)  loss_vfl_dn_1: 0.4353 (0.4334)  loss_vfl_dn_2: 0.4264 (0.4260)  time: 0.8975  data: 0.0232  max mem: 9048
Epoch: [86]  [400/809]  eta: 0:06:33  lr: 0.000010  loss: 9.5898 (9.5945)  loss_bbox: 0.0722 (0.0794)  loss_bbox_aux_0: 0.0757 (0.0848)  loss_bbox_aux_1: 0.0742 (0.0817)  loss_bbox_aux_2: 0.0871 (0.0992)  loss_bbox_dn_0: 0.0492 (0.0479)  loss_bbox_dn_1: 0.0416 (0.0401)  loss_bbox_dn_2: 0.0400 (0.0391)  loss_giou: 0.8953 (0.9200)  loss_giou_aux_0: 0.9375 (0.9464)  loss_giou_aux_1: 0.9129 (0.9243)  loss_giou_aux_2: 0.9853 (1.0119)  loss_giou_dn_0: 0.7255 (0.7335)  loss_giou_dn_1: 0.6615 (0.6630)  loss_giou_dn_2: 0.6471 (0.6534)  loss_vfl: 0.4926 (0.4791)  loss_vfl_aux_0: 0.5014 (0.4918)  loss_vfl_aux_1: 0.5009 (0.4860)  loss_vfl_aux_2: 0.5006 (0.4898)  loss_vfl_dn_0: 0.4595 (0.4635)  loss_vfl_dn_1: 0.4307 (0.4335)  loss_vfl_dn_2: 0.4265 (0.4261)  time: 0.9598  data: 0.0244  max mem: 9264
Epoch: [86]  [500/809]  eta: 0:04:55  lr: 0.000010  loss: 9.3248 (9.5648)  loss_bbox: 0.0721 (0.0789)  loss_bbox_aux_0: 0.0752 (0.0843)  loss_bbox_aux_1: 0.0737 (0.0810)  loss_bbox_aux_2: 0.0917 (0.0984)  loss_bbox_dn_0: 0.0454 (0.0483)  loss_bbox_dn_1: 0.0399 (0.0403)  loss_bbox_dn_2: 0.0386 (0.0393)  loss_giou: 0.8372 (0.9139)  loss_giou_aux_0: 0.8565 (0.9401)  loss_giou_aux_1: 0.8348 (0.9181)  loss_giou_aux_2: 0.9042 (1.0062)  loss_giou_dn_0: 0.6734 (0.7311)  loss_giou_dn_1: 0.6264 (0.6603)  loss_giou_dn_2: 0.6150 (0.6505)  loss_vfl: 0.4853 (0.4800)  loss_vfl_aux_0: 0.5062 (0.4928)  loss_vfl_aux_1: 0.5003 (0.4871)  loss_vfl_aux_2: 0.5005 (0.4911)  loss_vfl_dn_0: 0.4577 (0.4637)  loss_vfl_dn_1: 0.4309 (0.4334)  loss_vfl_dn_2: 0.4239 (0.4260)  time: 0.9317  data: 0.0283  max mem: 9264
Epoch: [86]  [600/809]  eta: 0:03:19  lr: 0.000010  loss: 9.6084 (9.5709)  loss_bbox: 0.0674 (0.0787)  loss_bbox_aux_0: 0.0712 (0.0841)  loss_bbox_aux_1: 0.0710 (0.0807)  loss_bbox_aux_2: 0.0873 (0.0981)  loss_bbox_dn_0: 0.0434 (0.0479)  loss_bbox_dn_1: 0.0366 (0.0400)  loss_bbox_dn_2: 0.0357 (0.0390)  loss_giou: 0.8847 (0.9165)  loss_giou_aux_0: 0.9176 (0.9427)  loss_giou_aux_1: 0.8905 (0.9207)  loss_giou_aux_2: 1.0069 (1.0086)  loss_giou_dn_0: 0.7468 (0.7320)  loss_giou_dn_1: 0.6768 (0.6612)  loss_giou_dn_2: 0.6670 (0.6514)  loss_vfl: 0.4641 (0.4789)  loss_vfl_aux_0: 0.4841 (0.4916)  loss_vfl_aux_1: 0.4713 (0.4860)  loss_vfl_aux_2: 0.4766 (0.4896)  loss_vfl_dn_0: 0.4550 (0.4636)  loss_vfl_dn_1: 0.4294 (0.4334)  loss_vfl_dn_2: 0.4258 (0.4261)  time: 0.9716  data: 0.0274  max mem: 9264
Epoch: [86]  [700/809]  eta: 0:01:43  lr: 0.000010  loss: 9.4146 (9.5447)  loss_bbox: 0.0740 (0.0780)  loss_bbox_aux_0: 0.0747 (0.0833)  loss_bbox_aux_1: 0.0730 (0.0799)  loss_bbox_aux_2: 0.0882 (0.0973)  loss_bbox_dn_0: 0.0399 (0.0480)  loss_bbox_dn_1: 0.0337 (0.0400)  loss_bbox_dn_2: 0.0337 (0.0390)  loss_giou: 0.8459 (0.9113)  loss_giou_aux_0: 0.8648 (0.9373)  loss_giou_aux_1: 0.8589 (0.9158)  loss_giou_aux_2: 0.9586 (1.0034)  loss_giou_dn_0: 0.7309 (0.7301)  loss_giou_dn_1: 0.6654 (0.6591)  loss_giou_dn_2: 0.6492 (0.6492)  loss_vfl: 0.4793 (0.4795)  loss_vfl_aux_0: 0.4756 (0.4925)  loss_vfl_aux_1: 0.4785 (0.4867)  loss_vfl_aux_2: 0.4946 (0.4910)  loss_vfl_dn_0: 0.4653 (0.4638)  loss_vfl_dn_1: 0.4357 (0.4334)  loss_vfl_dn_2: 0.4274 (0.4262)  time: 0.9324  data: 0.0249  max mem: 9264
Epoch: [86]  [800/809]  eta: 0:00:08  lr: 0.000010  loss: 8.9193 (9.5338)  loss_bbox: 0.0667 (0.0778)  loss_bbox_aux_0: 0.0714 (0.0831)  loss_bbox_aux_1: 0.0681 (0.0796)  loss_bbox_aux_2: 0.0881 (0.0969)  loss_bbox_dn_0: 0.0472 (0.0480)  loss_bbox_dn_1: 0.0392 (0.0400)  loss_bbox_dn_2: 0.0382 (0.0390)  loss_giou: 0.8101 (0.9098)  loss_giou_aux_0: 0.8360 (0.9359)  loss_giou_aux_1: 0.8090 (0.9145)  loss_giou_aux_2: 0.8887 (1.0017)  loss_giou_dn_0: 0.6972 (0.7290)  loss_giou_dn_1: 0.6168 (0.6581)  loss_giou_dn_2: 0.6120 (0.6482)  loss_vfl: 0.4876 (0.4794)  loss_vfl_aux_0: 0.4922 (0.4927)  loss_vfl_aux_1: 0.4925 (0.4867)  loss_vfl_aux_2: 0.5053 (0.4912)  loss_vfl_dn_0: 0.4626 (0.4637)  loss_vfl_dn_1: 0.4266 (0.4330)  loss_vfl_dn_2: 0.4205 (0.4257)  time: 0.9394  data: 0.0250  max mem: 9264
Epoch: [86]  [808/809]  eta: 0:00:00  lr: 0.000010  loss: 9.0618 (9.5341)  loss_bbox: 0.0667 (0.0777)  loss_bbox_aux_0: 0.0714 (0.0830)  loss_bbox_aux_1: 0.0681 (0.0795)  loss_bbox_aux_2: 0.0872 (0.0968)  loss_bbox_dn_0: 0.0472 (0.0480)  loss_bbox_dn_1: 0.0391 (0.0400)  loss_bbox_dn_2: 0.0376 (0.0390)  loss_giou: 0.8766 (0.9101)  loss_giou_aux_0: 0.8763 (0.9362)  loss_giou_aux_1: 0.8681 (0.9147)  loss_giou_aux_2: 0.9605 (1.0019)  loss_giou_dn_0: 0.6773 (0.7291)  loss_giou_dn_1: 0.6087 (0.6582)  loss_giou_dn_2: 0.5894 (0.6482)  loss_vfl: 0.4691 (0.4792)  loss_vfl_aux_0: 0.4844 (0.4926)  loss_vfl_aux_1: 0.4752 (0.4866)  loss_vfl_aux_2: 0.4920 (0.4911)  loss_vfl_dn_0: 0.4644 (0.4636)  loss_vfl_dn_1: 0.4282 (0.4329)  loss_vfl_dn_2: 0.4214 (0.4257)  time: 0.8431  data: 0.0234  max mem: 9264
Epoch: [86] Total time: 0:12:46 (0.9471 s / it)
Averaged stats: lr: 0.000010  loss: 9.0618 (9.5341)  loss_bbox: 0.0667 (0.0777)  loss_bbox_aux_0: 0.0714 (0.0830)  loss_bbox_aux_1: 0.0681 (0.0795)  loss_bbox_aux_2: 0.0872 (0.0968)  loss_bbox_dn_0: 0.0472 (0.0480)  loss_bbox_dn_1: 0.0391 (0.0400)  loss_bbox_dn_2: 0.0376 (0.0390)  loss_giou: 0.8766 (0.9101)  loss_giou_aux_0: 0.8763 (0.9362)  loss_giou_aux_1: 0.8681 (0.9147)  loss_giou_aux_2: 0.9605 (1.0019)  loss_giou_dn_0: 0.6773 (0.7291)  loss_giou_dn_1: 0.6087 (0.6582)  loss_giou_dn_2: 0.5894 (0.6482)  loss_vfl: 0.4691 (0.4792)  loss_vfl_aux_0: 0.4844 (0.4926)  loss_vfl_aux_1: 0.4752 (0.4866)  loss_vfl_aux_2: 0.4920 (0.4911)  loss_vfl_dn_0: 0.4644 (0.4636)  loss_vfl_dn_1: 0.4282 (0.4329)  loss_vfl_dn_2: 0.4214 (0.4257)
Test:  [ 0/69]  eta: 0:01:46    time: 1.5487  data: 0.8235  max mem: 9264
Test:  [10/69]  eta: 0:00:41    time: 0.7093  data: 0.0925  max mem: 9264
Test:  [20/69]  eta: 0:00:32    time: 0.6086  data: 0.0201  max mem: 9264
Test:  [30/69]  eta: 0:00:23    time: 0.5576  data: 0.0216  max mem: 9264
Test:  [40/69]  eta: 0:00:16    time: 0.5139  data: 0.0225  max mem: 9264
Test:  [50/69]  eta: 0:00:10    time: 0.4770  data: 0.0217  max mem: 9264
Test:  [60/69]  eta: 0:00:04    time: 0.4574  data: 0.0219  max mem: 9264
Test:  [68/69]  eta: 0:00:00    time: 0.4648  data: 0.0214  max mem: 9264
Test: Total time: 0:00:37 (0.5363 s / it)
Averaged stats: 
Accumulating evaluation results...
DONE (t=1.99s).
IoU metric: bbox
 Average Precision  (AP) @[ IoU=0.50:0.95 | area=   all | maxDets=100 ] = 0.229
 Average Precision  (AP) @[ IoU=0.50      | area=   all | maxDets=100 ] = 0.385
 Average Precision  (AP) @[ IoU=0.75      | area=   all | maxDets=100 ] = 0.232
 Average Precision  (AP) @[ IoU=0.50:0.95 | area= small | maxDets=100 ] = 0.141
 Average Precision  (AP) @[ IoU=0.50:0.95 | area=medium | maxDets=100 ] = 0.326
 Average Precision  (AP) @[ IoU=0.50:0.95 | area= large | maxDets=100 ] = 0.473
 Average Recall     (AR) @[ IoU=0.50:0.95 | area=   all | maxDets=  1 ] = 0.101
 Average Recall     (AR) @[ IoU=0.50:0.95 | area=   all | maxDets= 10 ] = 0.283
 Average Recall     (AR) @[ IoU=0.50:0.95 | area=   all | maxDets=100 ] = 0.380
 Average Recall     (AR) @[ IoU=0.50:0.95 | area= small | maxDets=100 ] = 0.285
 Average Recall     (AR) @[ IoU=0.50:0.95 | area=medium | maxDets=100 ] = 0.505
 Average Recall     (AR) @[ IoU=0.50:0.95 | area= large | maxDets=100 ] = 0.628
best_stat:  {'epoch': 86, 'coco_eval_bbox': 0.22869406754268046}
Epoch: [87]  [  0/809]  eta: 1:13:12  lr: 0.000010  loss: 9.9312 (9.9312)  loss_bbox: 0.0556 (0.0556)  loss_bbox_aux_0: 0.0638 (0.0638)  loss_bbox_aux_1: 0.0594 (0.0594)  loss_bbox_aux_2: 0.0786 (0.0786)  loss_bbox_dn_0: 0.0274 (0.0274)  loss_bbox_dn_1: 0.0236 (0.0236)  loss_bbox_dn_2: 0.0233 (0.0233)  loss_giou: 1.0497 (1.0497)  loss_giou_aux_0: 1.0945 (1.0945)  loss_giou_aux_1: 1.0567 (1.0567)  loss_giou_aux_2: 1.1546 (1.1546)  loss_giou_dn_0: 0.7846 (0.7846)  loss_giou_dn_1: 0.7277 (0.7277)  loss_giou_dn_2: 0.7238 (0.7238)  loss_vfl: 0.4337 (0.4337)  loss_vfl_aux_0: 0.4233 (0.4233)  loss_vfl_aux_1: 0.4327 (0.4327)  loss_vfl_aux_2: 0.4118 (0.4118)  loss_vfl_dn_0: 0.4548 (0.4548)  loss_vfl_dn_1: 0.4259 (0.4259)  loss_vfl_dn_2: 0.4257 (0.4257)  time: 5.4297  data: 3.8158  max mem: 9264
Epoch: [87]  [100/809]  eta: 0:12:55  lr: 0.000010  loss: 9.4254 (9.3954)  loss_bbox: 0.0797 (0.0763)  loss_bbox_aux_0: 0.0846 (0.0822)  loss_bbox_aux_1: 0.0813 (0.0773)  loss_bbox_aux_2: 0.0936 (0.0956)  loss_bbox_dn_0: 0.0459 (0.0479)  loss_bbox_dn_1: 0.0367 (0.0398)  loss_bbox_dn_2: 0.0363 (0.0388)  loss_giou: 0.8806 (0.8874)  loss_giou_aux_0: 0.8621 (0.9126)  loss_giou_aux_1: 0.8696 (0.8911)  loss_giou_aux_2: 0.9406 (0.9783)  loss_giou_dn_0: 0.7510 (0.7184)  loss_giou_dn_1: 0.6712 (0.6466)  loss_giou_dn_2: 0.6543 (0.6368)  loss_vfl: 0.4981 (0.4762)  loss_vfl_aux_0: 0.5077 (0.4910)  loss_vfl_aux_1: 0.5001 (0.4848)  loss_vfl_aux_2: 0.5046 (0.4941)  loss_vfl_dn_0: 0.4590 (0.4630)  loss_vfl_dn_1: 0.4343 (0.4325)  loss_vfl_dn_2: 0.4289 (0.4252)  time: 1.0632  data: 0.0296  max mem: 9264
Epoch: [87]  [200/809]  eta: 0:10:45  lr: 0.000010  loss: 9.6791 (9.4878)  loss_bbox: 0.0714 (0.0785)  loss_bbox_aux_0: 0.0743 (0.0842)  loss_bbox_aux_1: 0.0731 (0.0798)  loss_bbox_aux_2: 0.0901 (0.0971)  loss_bbox_dn_0: 0.0485 (0.0474)  loss_bbox_dn_1: 0.0398 (0.0394)  loss_bbox_dn_2: 0.0386 (0.0385)  loss_giou: 0.9233 (0.9044)  loss_giou_aux_0: 0.9450 (0.9300)  loss_giou_aux_1: 0.9212 (0.9092)  loss_giou_aux_2: 1.0124 (0.9947)  loss_giou_dn_0: 0.7472 (0.7232)  loss_giou_dn_1: 0.6774 (0.6527)  loss_giou_dn_2: 0.6578 (0.6425)  loss_vfl: 0.4670 (0.4766)  loss_vfl_aux_0: 0.4754 (0.4912)  loss_vfl_aux_1: 0.4771 (0.4845)  loss_vfl_aux_2: 0.4744 (0.4922)  loss_vfl_dn_0: 0.4619 (0.4635)  loss_vfl_dn_1: 0.4347 (0.4328)  loss_vfl_dn_2: 0.4254 (0.4255)  time: 1.0371  data: 0.0348  max mem: 9264
Epoch: [87]  [300/809]  eta: 0:08:53  lr: 0.000010  loss: 9.5933 (9.5377)  loss_bbox: 0.0696 (0.0793)  loss_bbox_aux_0: 0.0748 (0.0848)  loss_bbox_aux_1: 0.0708 (0.0806)  loss_bbox_aux_2: 0.0888 (0.0975)  loss_bbox_dn_0: 0.0468 (0.0478)  loss_bbox_dn_1: 0.0395 (0.0398)  loss_bbox_dn_2: 0.0392 (0.0389)  loss_giou: 0.9274 (0.9133)  loss_giou_aux_0: 0.9387 (0.9385)  loss_giou_aux_1: 0.9347 (0.9181)  loss_giou_aux_2: 1.0194 (1.0035)  loss_giou_dn_0: 0.7456 (0.7289)  loss_giou_dn_1: 0.6720 (0.6587)  loss_giou_dn_2: 0.6601 (0.6490)  loss_vfl: 0.4782 (0.4752)  loss_vfl_aux_0: 0.5057 (0.4895)  loss_vfl_aux_1: 0.4973 (0.4825)  loss_vfl_aux_2: 0.4783 (0.4894)  loss_vfl_dn_0: 0.4617 (0.4633)  loss_vfl_dn_1: 0.4316 (0.4329)  loss_vfl_dn_2: 0.4248 (0.4259)  time: 1.0042  data: 0.0258  max mem: 9264
Epoch: [87]  [400/809]  eta: 0:07:06  lr: 0.000010  loss: 9.1596 (9.5359)  loss_bbox: 0.0637 (0.0794)  loss_bbox_aux_0: 0.0692 (0.0849)  loss_bbox_aux_1: 0.0648 (0.0807)  loss_bbox_aux_2: 0.0854 (0.0979)  loss_bbox_dn_0: 0.0445 (0.0483)  loss_bbox_dn_1: 0.0379 (0.0402)  loss_bbox_dn_2: 0.0370 (0.0392)  loss_giou: 0.8338 (0.9115)  loss_giou_aux_0: 0.8570 (0.9369)  loss_giou_aux_1: 0.8311 (0.9164)  loss_giou_aux_2: 0.9186 (1.0014)  loss_giou_dn_0: 0.6928 (0.7278)  loss_giou_dn_1: 0.6197 (0.6573)  loss_giou_dn_2: 0.6134 (0.6472)  loss_vfl: 0.5126 (0.4774)  loss_vfl_aux_0: 0.5213 (0.4919)  loss_vfl_aux_1: 0.5201 (0.4844)  loss_vfl_aux_2: 0.5127 (0.4916)  loss_vfl_dn_0: 0.4622 (0.4633)  loss_vfl_dn_1: 0.4324 (0.4326)  loss_vfl_dn_2: 0.4273 (0.4256)  time: 1.0109  data: 0.0269  max mem: 9264
Epoch: [87]  [500/809]  eta: 0:05:21  lr: 0.000010  loss: 9.5088 (9.5193)  loss_bbox: 0.0773 (0.0786)  loss_bbox_aux_0: 0.0821 (0.0840)  loss_bbox_aux_1: 0.0786 (0.0798)  loss_bbox_aux_2: 0.0881 (0.0973)  loss_bbox_dn_0: 0.0451 (0.0484)  loss_bbox_dn_1: 0.0391 (0.0404)  loss_bbox_dn_2: 0.0384 (0.0394)  loss_giou: 0.8865 (0.9084)  loss_giou_aux_0: 0.9171 (0.9338)  loss_giou_aux_1: 0.8949 (0.9133)  loss_giou_aux_2: 0.9991 (0.9986)  loss_giou_dn_0: 0.7202 (0.7269)  loss_giou_dn_1: 0.6642 (0.6562)  loss_giou_dn_2: 0.6595 (0.6461)  loss_vfl: 0.4875 (0.4779)  loss_vfl_aux_0: 0.4942 (0.4925)  loss_vfl_aux_1: 0.4941 (0.4849)  loss_vfl_aux_2: 0.4924 (0.4920)  loss_vfl_dn_0: 0.4663 (0.4632)  loss_vfl_dn_1: 0.4311 (0.4324)  loss_vfl_dn_2: 0.4230 (0.4253)  time: 1.0450  data: 0.0285  max mem: 9264
Epoch: [87]  [600/809]  eta: 0:03:36  lr: 0.000010  loss: 9.2025 (9.5202)  loss_bbox: 0.0610 (0.0783)  loss_bbox_aux_0: 0.0638 (0.0838)  loss_bbox_aux_1: 0.0616 (0.0796)  loss_bbox_aux_2: 0.0771 (0.0971)  loss_bbox_dn_0: 0.0500 (0.0484)  loss_bbox_dn_1: 0.0416 (0.0403)  loss_bbox_dn_2: 0.0412 (0.0394)  loss_giou: 0.7696 (0.9079)  loss_giou_aux_0: 0.7799 (0.9332)  loss_giou_aux_1: 0.7758 (0.9128)  loss_giou_aux_2: 0.8571 (0.9987)  loss_giou_dn_0: 0.7167 (0.7273)  loss_giou_dn_1: 0.6298 (0.6564)  loss_giou_dn_2: 0.6189 (0.6463)  loss_vfl: 0.5020 (0.4785)  loss_vfl_aux_0: 0.5367 (0.4932)  loss_vfl_aux_1: 0.5098 (0.4855)  loss_vfl_aux_2: 0.5364 (0.4922)  loss_vfl_dn_0: 0.4679 (0.4631)  loss_vfl_dn_1: 0.4339 (0.4325)  loss_vfl_dn_2: 0.4260 (0.4256)  time: 1.0236  data: 0.0303  max mem: 9264
Epoch: [87]  [700/809]  eta: 0:01:52  lr: 0.000010  loss: 9.2651 (9.5176)  loss_bbox: 0.0688 (0.0783)  loss_bbox_aux_0: 0.0715 (0.0837)  loss_bbox_aux_1: 0.0706 (0.0796)  loss_bbox_aux_2: 0.0940 (0.0971)  loss_bbox_dn_0: 0.0453 (0.0485)  loss_bbox_dn_1: 0.0372 (0.0404)  loss_bbox_dn_2: 0.0362 (0.0394)  loss_giou: 0.8820 (0.9077)  loss_giou_aux_0: 0.9161 (0.9333)  loss_giou_aux_1: 0.8819 (0.9125)  loss_giou_aux_2: 0.9258 (0.9989)  loss_giou_dn_0: 0.7189 (0.7277)  loss_giou_dn_1: 0.6457 (0.6567)  loss_giou_dn_2: 0.6334 (0.6465)  loss_vfl: 0.4605 (0.4777)  loss_vfl_aux_0: 0.4844 (0.4925)  loss_vfl_aux_1: 0.4684 (0.4848)  loss_vfl_aux_2: 0.4919 (0.4915)  loss_vfl_dn_0: 0.4608 (0.4630)  loss_vfl_dn_1: 0.4318 (0.4324)  loss_vfl_dn_2: 0.4240 (0.4253)  time: 0.9616  data: 0.0282  max mem: 9264
Epoch: [87]  [800/809]  eta: 0:00:09  lr: 0.000010  loss: 8.9439 (9.4965)  loss_bbox: 0.0609 (0.0775)  loss_bbox_aux_0: 0.0644 (0.0828)  loss_bbox_aux_1: 0.0625 (0.0787)  loss_bbox_aux_2: 0.0764 (0.0963)  loss_bbox_dn_0: 0.0472 (0.0485)  loss_bbox_dn_1: 0.0376 (0.0404)  loss_bbox_dn_2: 0.0364 (0.0394)  loss_giou: 0.7808 (0.9026)  loss_giou_aux_0: 0.7971 (0.9282)  loss_giou_aux_1: 0.7773 (0.9073)  loss_giou_aux_2: 0.8687 (0.9938)  loss_giou_dn_0: 0.6799 (0.7258)  loss_giou_dn_1: 0.6119 (0.6546)  loss_giou_dn_2: 0.6058 (0.6445)  loss_vfl: 0.5244 (0.4797)  loss_vfl_aux_0: 0.5439 (0.4945)  loss_vfl_aux_1: 0.5247 (0.4868)  loss_vfl_aux_2: 0.5418 (0.4937)  loss_vfl_dn_0: 0.4644 (0.4632)  loss_vfl_dn_1: 0.4348 (0.4326)  loss_vfl_dn_2: 0.4261 (0.4255)  time: 1.0192  data: 0.0322  max mem: 9264
Epoch: [87]  [808/809]  eta: 0:00:01  lr: 0.000010  loss: 9.0487 (9.4921)  loss_bbox: 0.0639 (0.0774)  loss_bbox_aux_0: 0.0658 (0.0827)  loss_bbox_aux_1: 0.0653 (0.0786)  loss_bbox_aux_2: 0.0788 (0.0961)  loss_bbox_dn_0: 0.0467 (0.0486)  loss_bbox_dn_1: 0.0376 (0.0404)  loss_bbox_dn_2: 0.0364 (0.0394)  loss_giou: 0.8021 (0.9015)  loss_giou_aux_0: 0.8294 (0.9272)  loss_giou_aux_1: 0.8090 (0.9062)  loss_giou_aux_2: 0.8999 (0.9929)  loss_giou_dn_0: 0.6919 (0.7255)  loss_giou_dn_1: 0.6272 (0.6542)  loss_giou_dn_2: 0.6172 (0.6441)  loss_vfl: 0.4992 (0.4800)  loss_vfl_aux_0: 0.5124 (0.4948)  loss_vfl_aux_1: 0.5030 (0.4871)  loss_vfl_aux_2: 0.5034 (0.4940)  loss_vfl_dn_0: 0.4644 (0.4633)  loss_vfl_dn_1: 0.4316 (0.4326)  loss_vfl_dn_2: 0.4232 (0.4255)  time: 0.8783  data: 0.0277  max mem: 9264
Epoch: [87] Total time: 0:13:52 (1.0293 s / it)
Averaged stats: lr: 0.000010  loss: 9.0487 (9.4921)  loss_bbox: 0.0639 (0.0774)  loss_bbox_aux_0: 0.0658 (0.0827)  loss_bbox_aux_1: 0.0653 (0.0786)  loss_bbox_aux_2: 0.0788 (0.0961)  loss_bbox_dn_0: 0.0467 (0.0486)  loss_bbox_dn_1: 0.0376 (0.0404)  loss_bbox_dn_2: 0.0364 (0.0394)  loss_giou: 0.8021 (0.9015)  loss_giou_aux_0: 0.8294 (0.9272)  loss_giou_aux_1: 0.8090 (0.9062)  loss_giou_aux_2: 0.8999 (0.9929)  loss_giou_dn_0: 0.6919 (0.7255)  loss_giou_dn_1: 0.6272 (0.6542)  loss_giou_dn_2: 0.6172 (0.6441)  loss_vfl: 0.4992 (0.4800)  loss_vfl_aux_0: 0.5124 (0.4948)  loss_vfl_aux_1: 0.5030 (0.4871)  loss_vfl_aux_2: 0.5034 (0.4940)  loss_vfl_dn_0: 0.4644 (0.4633)  loss_vfl_dn_1: 0.4316 (0.4326)  loss_vfl_dn_2: 0.4232 (0.4255)
Test:  [ 0/69]  eta: 0:01:20    time: 1.1641  data: 0.6423  max mem: 9264
Test:  [10/69]  eta: 0:00:35    time: 0.5958  data: 0.0769  max mem: 9264
Test:  [20/69]  eta: 0:00:28    time: 0.5597  data: 0.0209  max mem: 9264
Test:  [30/69]  eta: 0:00:22    time: 0.5484  data: 0.0213  max mem: 9264
Test:  [40/69]  eta: 0:00:15    time: 0.4913  data: 0.0216  max mem: 9264
Test:  [50/69]  eta: 0:00:09    time: 0.4585  data: 0.0222  max mem: 9264
Test:  [60/69]  eta: 0:00:04    time: 0.4365  data: 0.0223  max mem: 9264
Test:  [68/69]  eta: 0:00:00    time: 0.4395  data: 0.0208  max mem: 9264
Test: Total time: 0:00:34 (0.5028 s / it)
Averaged stats: 
Accumulating evaluation results...
DONE (t=1.99s).
IoU metric: bbox
 Average Precision  (AP) @[ IoU=0.50:0.95 | area=   all | maxDets=100 ] = 0.229
 Average Precision  (AP) @[ IoU=0.50      | area=   all | maxDets=100 ] = 0.386
 Average Precision  (AP) @[ IoU=0.75      | area=   all | maxDets=100 ] = 0.233
 Average Precision  (AP) @[ IoU=0.50:0.95 | area= small | maxDets=100 ] = 0.141
 Average Precision  (AP) @[ IoU=0.50:0.95 | area=medium | maxDets=100 ] = 0.326
 Average Precision  (AP) @[ IoU=0.50:0.95 | area= large | maxDets=100 ] = 0.466
 Average Recall     (AR) @[ IoU=0.50:0.95 | area=   all | maxDets=  1 ] = 0.101
 Average Recall     (AR) @[ IoU=0.50:0.95 | area=   all | maxDets= 10 ] = 0.282
 Average Recall     (AR) @[ IoU=0.50:0.95 | area=   all | maxDets=100 ] = 0.380
 Average Recall     (AR) @[ IoU=0.50:0.95 | area= small | maxDets=100 ] = 0.285
 Average Recall     (AR) @[ IoU=0.50:0.95 | area=medium | maxDets=100 ] = 0.505
 Average Recall     (AR) @[ IoU=0.50:0.95 | area= large | maxDets=100 ] = 0.616
best_stat:  {'epoch': 87, 'coco_eval_bbox': 0.22922168748270577}
Epoch: [88]  [  0/809]  eta: 1:18:24  lr: 0.000010  loss: 10.6644 (10.6644)  loss_bbox: 0.0942 (0.0942)  loss_bbox_aux_0: 0.1041 (0.1041)  loss_bbox_aux_1: 0.0905 (0.0905)  loss_bbox_aux_2: 0.1141 (0.1141)  loss_bbox_dn_0: 0.0382 (0.0382)  loss_bbox_dn_1: 0.0340 (0.0340)  loss_bbox_dn_2: 0.0337 (0.0337)  loss_giou: 1.1673 (1.1673)  loss_giou_aux_0: 1.2017 (1.2017)  loss_giou_aux_1: 1.1920 (1.1920)  loss_giou_aux_2: 1.2347 (1.2347)  loss_giou_dn_0: 0.8215 (0.8215)  loss_giou_dn_1: 0.7738 (0.7738)  loss_giou_dn_2: 0.7618 (0.7618)  loss_vfl: 0.4245 (0.4245)  loss_vfl_aux_0: 0.4263 (0.4263)  loss_vfl_aux_1: 0.4251 (0.4251)  loss_vfl_aux_2: 0.4107 (0.4107)  loss_vfl_dn_0: 0.4590 (0.4590)  loss_vfl_dn_1: 0.4307 (0.4307)  loss_vfl_dn_2: 0.4267 (0.4267)  time: 5.8153  data: 3.7787  max mem: 9264
Epoch: [88]  [100/809]  eta: 0:13:01  lr: 0.000010  loss: 9.3188 (9.5687)  loss_bbox: 0.0681 (0.0833)  loss_bbox_aux_0: 0.0709 (0.0903)  loss_bbox_aux_1: 0.0686 (0.0858)  loss_bbox_aux_2: 0.0907 (0.1044)  loss_bbox_dn_0: 0.0459 (0.0495)  loss_bbox_dn_1: 0.0383 (0.0413)  loss_bbox_dn_2: 0.0369 (0.0402)  loss_giou: 0.8110 (0.9115)  loss_giou_aux_0: 0.8411 (0.9377)  loss_giou_aux_1: 0.8143 (0.9165)  loss_giou_aux_2: 0.9380 (1.0042)  loss_giou_dn_0: 0.6937 (0.7272)  loss_giou_dn_1: 0.6292 (0.6555)  loss_giou_dn_2: 0.6167 (0.6456)  loss_vfl: 0.4978 (0.4800)  loss_vfl_aux_0: 0.5224 (0.4944)  loss_vfl_aux_1: 0.5088 (0.4877)  loss_vfl_aux_2: 0.5189 (0.4933)  loss_vfl_dn_0: 0.4600 (0.4628)  loss_vfl_dn_1: 0.4295 (0.4319)  loss_vfl_dn_2: 0.4240 (0.4254)  time: 1.0059  data: 0.0287  max mem: 9264
Epoch: [88]  [200/809]  eta: 0:10:49  lr: 0.000010  loss: 9.2276 (9.5116)  loss_bbox: 0.0665 (0.0824)  loss_bbox_aux_0: 0.0721 (0.0883)  loss_bbox_aux_1: 0.0697 (0.0845)  loss_bbox_aux_2: 0.0867 (0.1016)  loss_bbox_dn_0: 0.0410 (0.0485)  loss_bbox_dn_1: 0.0351 (0.0405)  loss_bbox_dn_2: 0.0344 (0.0394)  loss_giou: 0.8715 (0.9045)  loss_giou_aux_0: 0.8925 (0.9306)  loss_giou_aux_1: 0.8816 (0.9092)  loss_giou_aux_2: 0.9541 (0.9961)  loss_giou_dn_0: 0.7016 (0.7192)  loss_giou_dn_1: 0.6337 (0.6490)  loss_giou_dn_2: 0.6249 (0.6390)  loss_vfl: 0.4828 (0.4804)  loss_vfl_aux_0: 0.5067 (0.4951)  loss_vfl_aux_1: 0.4922 (0.4879)  loss_vfl_aux_2: 0.4993 (0.4946)  loss_vfl_dn_0: 0.4650 (0.4634)  loss_vfl_dn_1: 0.4295 (0.4323)  loss_vfl_dn_2: 0.4177 (0.4253)  time: 1.0149  data: 0.0257  max mem: 9264
Epoch: [88]  [300/809]  eta: 0:08:57  lr: 0.000010  loss: 9.6557 (9.4910)  loss_bbox: 0.0732 (0.0809)  loss_bbox_aux_0: 0.0785 (0.0865)  loss_bbox_aux_1: 0.0751 (0.0829)  loss_bbox_aux_2: 0.0949 (0.0996)  loss_bbox_dn_0: 0.0429 (0.0491)  loss_bbox_dn_1: 0.0358 (0.0409)  loss_bbox_dn_2: 0.0346 (0.0399)  loss_giou: 0.9402 (0.8983)  loss_giou_aux_0: 0.9707 (0.9241)  loss_giou_aux_1: 0.9511 (0.9028)  loss_giou_aux_2: 1.0370 (0.9911)  loss_giou_dn_0: 0.7528 (0.7196)  loss_giou_dn_1: 0.6739 (0.6485)  loss_giou_dn_2: 0.6588 (0.6384)  loss_vfl: 0.4591 (0.4831)  loss_vfl_aux_0: 0.4573 (0.4975)  loss_vfl_aux_1: 0.4650 (0.4903)  loss_vfl_aux_2: 0.4592 (0.4971)  loss_vfl_dn_0: 0.4624 (0.4630)  loss_vfl_dn_1: 0.4337 (0.4323)  loss_vfl_dn_2: 0.4308 (0.4252)  time: 1.0229  data: 0.0300  max mem: 9264
Epoch: [88]  [400/809]  eta: 0:07:09  lr: 0.000010  loss: 9.3261 (9.4821)  loss_bbox: 0.0623 (0.0791)  loss_bbox_aux_0: 0.0681 (0.0849)  loss_bbox_aux_1: 0.0643 (0.0812)  loss_bbox_aux_2: 0.0784 (0.0981)  loss_bbox_dn_0: 0.0462 (0.0489)  loss_bbox_dn_1: 0.0402 (0.0408)  loss_bbox_dn_2: 0.0387 (0.0398)  loss_giou: 0.8394 (0.8966)  loss_giou_aux_0: 0.8514 (0.9218)  loss_giou_aux_1: 0.8319 (0.9005)  loss_giou_aux_2: 0.9304 (0.9888)  loss_giou_dn_0: 0.7165 (0.7215)  loss_giou_dn_1: 0.6480 (0.6507)  loss_giou_dn_2: 0.6403 (0.6407)  loss_vfl: 0.5064 (0.4829)  loss_vfl_aux_0: 0.5231 (0.4978)  loss_vfl_aux_1: 0.5188 (0.4906)  loss_vfl_aux_2: 0.5230 (0.4973)  loss_vfl_dn_0: 0.4693 (0.4629)  loss_vfl_dn_1: 0.4332 (0.4323)  loss_vfl_dn_2: 0.4229 (0.4251)  time: 1.0524  data: 0.0337  max mem: 9264
Epoch: [88]  [500/809]  eta: 0:05:23  lr: 0.000010  loss: 9.5071 (9.5027)  loss_bbox: 0.0715 (0.0799)  loss_bbox_aux_0: 0.0780 (0.0855)  loss_bbox_aux_1: 0.0766 (0.0819)  loss_bbox_aux_2: 0.0882 (0.0986)  loss_bbox_dn_0: 0.0413 (0.0486)  loss_bbox_dn_1: 0.0349 (0.0405)  loss_bbox_dn_2: 0.0340 (0.0395)  loss_giou: 0.9189 (0.9016)  loss_giou_aux_0: 0.9351 (0.9269)  loss_giou_aux_1: 0.9303 (0.9055)  loss_giou_aux_2: 0.9819 (0.9939)  loss_giou_dn_0: 0.7366 (0.7235)  loss_giou_dn_1: 0.6615 (0.6527)  loss_giou_dn_2: 0.6527 (0.6427)  loss_vfl: 0.4804 (0.4811)  loss_vfl_aux_0: 0.4961 (0.4959)  loss_vfl_aux_1: 0.4856 (0.4885)  loss_vfl_aux_2: 0.4937 (0.4951)  loss_vfl_dn_0: 0.4645 (0.4630)  loss_vfl_dn_1: 0.4351 (0.4327)  loss_vfl_dn_2: 0.4261 (0.4254)  time: 1.0007  data: 0.0284  max mem: 9264
Epoch: [88]  [600/809]  eta: 0:03:37  lr: 0.000010  loss: 9.8191 (9.5004)  loss_bbox: 0.0708 (0.0796)  loss_bbox_aux_0: 0.0742 (0.0852)  loss_bbox_aux_1: 0.0718 (0.0816)  loss_bbox_aux_2: 0.0848 (0.0982)  loss_bbox_dn_0: 0.0452 (0.0484)  loss_bbox_dn_1: 0.0368 (0.0404)  loss_bbox_dn_2: 0.0367 (0.0394)  loss_giou: 1.0121 (0.9016)  loss_giou_aux_0: 1.0184 (0.9270)  loss_giou_aux_1: 1.0055 (0.9054)  loss_giou_aux_2: 1.0827 (0.9932)  loss_giou_dn_0: 0.7554 (0.7246)  loss_giou_dn_1: 0.6918 (0.6539)  loss_giou_dn_2: 0.6812 (0.6438)  loss_vfl: 0.4468 (0.4803)  loss_vfl_aux_0: 0.4583 (0.4950)  loss_vfl_aux_1: 0.4547 (0.4877)  loss_vfl_aux_2: 0.4578 (0.4942)  loss_vfl_dn_0: 0.4604 (0.4629)  loss_vfl_dn_1: 0.4304 (0.4326)  loss_vfl_dn_2: 0.4240 (0.4253)  time: 1.0370  data: 0.0296  max mem: 9264
Epoch: [88]  [700/809]  eta: 0:01:53  lr: 0.000010  loss: 9.3904 (9.5079)  loss_bbox: 0.0748 (0.0801)  loss_bbox_aux_0: 0.0807 (0.0858)  loss_bbox_aux_1: 0.0736 (0.0818)  loss_bbox_aux_2: 0.0956 (0.0987)  loss_bbox_dn_0: 0.0488 (0.0482)  loss_bbox_dn_1: 0.0398 (0.0402)  loss_bbox_dn_2: 0.0390 (0.0392)  loss_giou: 0.8826 (0.9041)  loss_giou_aux_0: 0.9130 (0.9296)  loss_giou_aux_1: 0.8916 (0.9081)  loss_giou_aux_2: 0.9581 (0.9959)  loss_giou_dn_0: 0.7120 (0.7246)  loss_giou_dn_1: 0.6352 (0.6538)  loss_giou_dn_2: 0.6274 (0.6436)  loss_vfl: 0.4748 (0.4794)  loss_vfl_aux_0: 0.4863 (0.4939)  loss_vfl_aux_1: 0.4779 (0.4868)  loss_vfl_aux_2: 0.4835 (0.4933)  loss_vfl_dn_0: 0.4576 (0.4629)  loss_vfl_dn_1: 0.4331 (0.4324)  loss_vfl_dn_2: 0.4272 (0.4251)  time: 1.0185  data: 0.0318  max mem: 9264
Epoch: [88]  [800/809]  eta: 0:00:09  lr: 0.000010  loss: 9.0918 (9.4916)  loss_bbox: 0.0657 (0.0791)  loss_bbox_aux_0: 0.0694 (0.0847)  loss_bbox_aux_1: 0.0668 (0.0808)  loss_bbox_aux_2: 0.0813 (0.0976)  loss_bbox_dn_0: 0.0462 (0.0484)  loss_bbox_dn_1: 0.0370 (0.0403)  loss_bbox_dn_2: 0.0352 (0.0393)  loss_giou: 0.7459 (0.8995)  loss_giou_aux_0: 0.7571 (0.9252)  loss_giou_aux_1: 0.7461 (0.9037)  loss_giou_aux_2: 0.8322 (0.9916)  loss_giou_dn_0: 0.6854 (0.7237)  loss_giou_dn_1: 0.6145 (0.6528)  loss_giou_dn_2: 0.5984 (0.6426)  loss_vfl: 0.5073 (0.4815)  loss_vfl_aux_0: 0.5310 (0.4961)  loss_vfl_aux_1: 0.5239 (0.4888)  loss_vfl_aux_2: 0.5051 (0.4952)  loss_vfl_dn_0: 0.4623 (0.4630)  loss_vfl_dn_1: 0.4359 (0.4325)  loss_vfl_dn_2: 0.4293 (0.4251)  time: 1.0332  data: 0.0267  max mem: 9264
Epoch: [88]  [808/809]  eta: 0:00:01  lr: 0.000010  loss: 8.8791 (9.4932)  loss_bbox: 0.0595 (0.0791)  loss_bbox_aux_0: 0.0635 (0.0846)  loss_bbox_aux_1: 0.0610 (0.0808)  loss_bbox_aux_2: 0.0809 (0.0976)  loss_bbox_dn_0: 0.0462 (0.0483)  loss_bbox_dn_1: 0.0370 (0.0403)  loss_bbox_dn_2: 0.0355 (0.0393)  loss_giou: 0.7422 (0.8997)  loss_giou_aux_0: 0.7660 (0.9254)  loss_giou_aux_1: 0.7560 (0.9039)  loss_giou_aux_2: 0.8803 (0.9920)  loss_giou_dn_0: 0.6715 (0.7238)  loss_giou_dn_1: 0.6145 (0.6530)  loss_giou_dn_2: 0.5984 (0.6428)  loss_vfl: 0.5073 (0.4816)  loss_vfl_aux_0: 0.5120 (0.4961)  loss_vfl_aux_1: 0.5103 (0.4888)  loss_vfl_aux_2: 0.5051 (0.4952)  loss_vfl_dn_0: 0.4656 (0.4631)  loss_vfl_dn_1: 0.4359 (0.4325)  loss_vfl_dn_2: 0.4262 (0.4252)  time: 0.8931  data: 0.0247  max mem: 9264
Epoch: [88] Total time: 0:13:57 (1.0356 s / it)
Averaged stats: lr: 0.000010  loss: 8.8791 (9.4932)  loss_bbox: 0.0595 (0.0791)  loss_bbox_aux_0: 0.0635 (0.0846)  loss_bbox_aux_1: 0.0610 (0.0808)  loss_bbox_aux_2: 0.0809 (0.0976)  loss_bbox_dn_0: 0.0462 (0.0483)  loss_bbox_dn_1: 0.0370 (0.0403)  loss_bbox_dn_2: 0.0355 (0.0393)  loss_giou: 0.7422 (0.8997)  loss_giou_aux_0: 0.7660 (0.9254)  loss_giou_aux_1: 0.7560 (0.9039)  loss_giou_aux_2: 0.8803 (0.9920)  loss_giou_dn_0: 0.6715 (0.7238)  loss_giou_dn_1: 0.6145 (0.6530)  loss_giou_dn_2: 0.5984 (0.6428)  loss_vfl: 0.5073 (0.4816)  loss_vfl_aux_0: 0.5120 (0.4961)  loss_vfl_aux_1: 0.5103 (0.4888)  loss_vfl_aux_2: 0.5051 (0.4952)  loss_vfl_dn_0: 0.4656 (0.4631)  loss_vfl_dn_1: 0.4359 (0.4325)  loss_vfl_dn_2: 0.4262 (0.4252)
Test:  [ 0/69]  eta: 0:01:46    time: 1.5406  data: 1.0721  max mem: 9264
Test:  [10/69]  eta: 0:00:36    time: 0.6230  data: 0.1124  max mem: 9264
Test:  [20/69]  eta: 0:00:29    time: 0.5644  data: 0.0188  max mem: 9264
Test:  [30/69]  eta: 0:00:22    time: 0.5470  data: 0.0213  max mem: 9264
Test:  [40/69]  eta: 0:00:16    time: 0.5057  data: 0.0216  max mem: 9264
Test:  [50/69]  eta: 0:00:10    time: 0.4773  data: 0.0218  max mem: 9264
Test:  [60/69]  eta: 0:00:04    time: 0.4552  data: 0.0218  max mem: 9264
Test:  [68/69]  eta: 0:00:00    time: 0.4693  data: 0.0212  max mem: 9264
Test: Total time: 0:00:35 (0.5211 s / it)
Averaged stats: 
Accumulating evaluation results...
DONE (t=1.93s).
IoU metric: bbox
 Average Precision  (AP) @[ IoU=0.50:0.95 | area=   all | maxDets=100 ] = 0.229
 Average Precision  (AP) @[ IoU=0.50      | area=   all | maxDets=100 ] = 0.386
 Average Precision  (AP) @[ IoU=0.75      | area=   all | maxDets=100 ] = 0.233
 Average Precision  (AP) @[ IoU=0.50:0.95 | area= small | maxDets=100 ] = 0.142
 Average Precision  (AP) @[ IoU=0.50:0.95 | area=medium | maxDets=100 ] = 0.326
 Average Precision  (AP) @[ IoU=0.50:0.95 | area= large | maxDets=100 ] = 0.469
 Average Recall     (AR) @[ IoU=0.50:0.95 | area=   all | maxDets=  1 ] = 0.101
 Average Recall     (AR) @[ IoU=0.50:0.95 | area=   all | maxDets= 10 ] = 0.282
 Average Recall     (AR) @[ IoU=0.50:0.95 | area=   all | maxDets=100 ] = 0.380
 Average Recall     (AR) @[ IoU=0.50:0.95 | area= small | maxDets=100 ] = 0.285
 Average Recall     (AR) @[ IoU=0.50:0.95 | area=medium | maxDets=100 ] = 0.505
 Average Recall     (AR) @[ IoU=0.50:0.95 | area= large | maxDets=100 ] = 0.617
best_stat:  {'epoch': 88, 'coco_eval_bbox': 0.22939366515090334}
Epoch: [89]  [  0/809]  eta: 1:13:01  lr: 0.000010  loss: 9.6340 (9.6340)  loss_bbox: 0.0695 (0.0695)  loss_bbox_aux_0: 0.0713 (0.0713)  loss_bbox_aux_1: 0.0689 (0.0689)  loss_bbox_aux_2: 0.0827 (0.0827)  loss_bbox_dn_0: 0.0442 (0.0442)  loss_bbox_dn_1: 0.0372 (0.0372)  loss_bbox_dn_2: 0.0358 (0.0358)  loss_giou: 0.9448 (0.9448)  loss_giou_aux_0: 0.9762 (0.9762)  loss_giou_aux_1: 0.9476 (0.9476)  loss_giou_aux_2: 1.0338 (1.0338)  loss_giou_dn_0: 0.7606 (0.7606)  loss_giou_dn_1: 0.6812 (0.6812)  loss_giou_dn_2: 0.6697 (0.6697)  loss_vfl: 0.4636 (0.4636)  loss_vfl_aux_0: 0.4716 (0.4716)  loss_vfl_aux_1: 0.4685 (0.4685)  loss_vfl_aux_2: 0.4689 (0.4689)  loss_vfl_dn_0: 0.4618 (0.4618)  loss_vfl_dn_1: 0.4403 (0.4403)  loss_vfl_dn_2: 0.4357 (0.4357)  time: 5.4166  data: 2.4684  max mem: 9264
Epoch: [89]  [100/809]  eta: 0:12:43  lr: 0.000010  loss: 9.5039 (9.5378)  loss_bbox: 0.0703 (0.0767)  loss_bbox_aux_0: 0.0755 (0.0815)  loss_bbox_aux_1: 0.0709 (0.0781)  loss_bbox_aux_2: 0.0837 (0.0952)  loss_bbox_dn_0: 0.0442 (0.0460)  loss_bbox_dn_1: 0.0354 (0.0382)  loss_bbox_dn_2: 0.0350 (0.0373)  loss_giou: 0.9316 (0.9160)  loss_giou_aux_0: 0.9600 (0.9402)  loss_giou_aux_1: 0.9258 (0.9196)  loss_giou_aux_2: 1.0216 (1.0063)  loss_giou_dn_0: 0.7202 (0.7285)  loss_giou_dn_1: 0.6654 (0.6576)  loss_giou_dn_2: 0.6504 (0.6475)  loss_vfl: 0.4824 (0.4783)  loss_vfl_aux_0: 0.4898 (0.4909)  loss_vfl_aux_1: 0.4913 (0.4856)  loss_vfl_aux_2: 0.5108 (0.4905)  loss_vfl_dn_0: 0.4631 (0.4643)  loss_vfl_dn_1: 0.4282 (0.4336)  loss_vfl_dn_2: 0.4212 (0.4259)  time: 0.9869  data: 0.0261  max mem: 9264
Epoch: [89]  [200/809]  eta: 0:10:41  lr: 0.000010  loss: 9.9229 (9.5794)  loss_bbox: 0.0826 (0.0794)  loss_bbox_aux_0: 0.0883 (0.0850)  loss_bbox_aux_1: 0.0861 (0.0804)  loss_bbox_aux_2: 0.1002 (0.0998)  loss_bbox_dn_0: 0.0442 (0.0465)  loss_bbox_dn_1: 0.0370 (0.0387)  loss_bbox_dn_2: 0.0366 (0.0378)  loss_giou: 1.0257 (0.9238)  loss_giou_aux_0: 1.0550 (0.9491)  loss_giou_aux_1: 1.0315 (0.9276)  loss_giou_aux_2: 1.1013 (1.0157)  loss_giou_dn_0: 0.7560 (0.7313)  loss_giou_dn_1: 0.6995 (0.6610)  loss_giou_dn_2: 0.6906 (0.6509)  loss_vfl: 0.4306 (0.4749)  loss_vfl_aux_0: 0.4438 (0.4870)  loss_vfl_aux_1: 0.4393 (0.4827)  loss_vfl_aux_2: 0.4465 (0.4856)  loss_vfl_dn_0: 0.4606 (0.4632)  loss_vfl_dn_1: 0.4344 (0.4332)  loss_vfl_dn_2: 0.4286 (0.4258)  time: 1.0583  data: 0.0301  max mem: 9264
Epoch: [89]  [300/809]  eta: 0:08:52  lr: 0.000010  loss: 9.1342 (9.5085)  loss_bbox: 0.0630 (0.0783)  loss_bbox_aux_0: 0.0660 (0.0837)  loss_bbox_aux_1: 0.0647 (0.0794)  loss_bbox_aux_2: 0.0813 (0.0980)  loss_bbox_dn_0: 0.0492 (0.0474)  loss_bbox_dn_1: 0.0411 (0.0394)  loss_bbox_dn_2: 0.0400 (0.0384)  loss_giou: 0.7916 (0.9081)  loss_giou_aux_0: 0.8225 (0.9329)  loss_giou_aux_1: 0.8010 (0.9116)  loss_giou_aux_2: 0.8973 (1.0005)  loss_giou_dn_0: 0.6968 (0.7248)  loss_giou_dn_1: 0.6242 (0.6539)  loss_giou_dn_2: 0.6160 (0.6437)  loss_vfl: 0.5092 (0.4783)  loss_vfl_aux_0: 0.5225 (0.4914)  loss_vfl_aux_1: 0.5166 (0.4862)  loss_vfl_aux_2: 0.5287 (0.4908)  loss_vfl_dn_0: 0.4627 (0.4632)  loss_vfl_dn_1: 0.4316 (0.4328)  loss_vfl_dn_2: 0.4240 (0.4255)  time: 1.0477  data: 0.0316  max mem: 9264
Epoch: [89]  [400/809]  eta: 0:07:05  lr: 0.000010  loss: 9.2627 (9.4822)  loss_bbox: 0.0625 (0.0769)  loss_bbox_aux_0: 0.0679 (0.0821)  loss_bbox_aux_1: 0.0633 (0.0779)  loss_bbox_aux_2: 0.0813 (0.0964)  loss_bbox_dn_0: 0.0399 (0.0474)  loss_bbox_dn_1: 0.0341 (0.0394)  loss_bbox_dn_2: 0.0329 (0.0384)  loss_giou: 0.8173 (0.9027)  loss_giou_aux_0: 0.8428 (0.9273)  loss_giou_aux_1: 0.8265 (0.9062)  loss_giou_aux_2: 0.9122 (0.9950)  loss_giou_dn_0: 0.7203 (0.7238)  loss_giou_dn_1: 0.6468 (0.6524)  loss_giou_dn_2: 0.6408 (0.6420)  loss_vfl: 0.4929 (0.4795)  loss_vfl_aux_0: 0.5178 (0.4931)  loss_vfl_aux_1: 0.5007 (0.4873)  loss_vfl_aux_2: 0.5142 (0.4924)  loss_vfl_dn_0: 0.4630 (0.4634)  loss_vfl_dn_1: 0.4321 (0.4330)  loss_vfl_dn_2: 0.4243 (0.4257)  time: 0.9814  data: 0.0286  max mem: 9264
Epoch: [89]  [500/809]  eta: 0:05:18  lr: 0.000010  loss: 9.1454 (9.4500)  loss_bbox: 0.0602 (0.0755)  loss_bbox_aux_0: 0.0643 (0.0807)  loss_bbox_aux_1: 0.0621 (0.0765)  loss_bbox_aux_2: 0.0786 (0.0947)  loss_bbox_dn_0: 0.0448 (0.0472)  loss_bbox_dn_1: 0.0370 (0.0392)  loss_bbox_dn_2: 0.0366 (0.0382)  loss_giou: 0.8177 (0.8961)  loss_giou_aux_0: 0.8377 (0.9207)  loss_giou_aux_1: 0.8212 (0.8995)  loss_giou_aux_2: 0.9103 (0.9881)  loss_giou_dn_0: 0.6868 (0.7212)  loss_giou_dn_1: 0.6212 (0.6499)  loss_giou_dn_2: 0.6095 (0.6396)  loss_vfl: 0.4948 (0.4815)  loss_vfl_aux_0: 0.5123 (0.4954)  loss_vfl_aux_1: 0.5033 (0.4894)  loss_vfl_aux_2: 0.5158 (0.4950)  loss_vfl_dn_0: 0.4652 (0.4635)  loss_vfl_dn_1: 0.4308 (0.4327)  loss_vfl_dn_2: 0.4222 (0.4253)  time: 1.0534  data: 0.0270  max mem: 9264
Epoch: [89]  [600/809]  eta: 0:03:34  lr: 0.000010  loss: 9.2160 (9.4421)  loss_bbox: 0.0673 (0.0754)  loss_bbox_aux_0: 0.0678 (0.0805)  loss_bbox_aux_1: 0.0677 (0.0765)  loss_bbox_aux_2: 0.0847 (0.0944)  loss_bbox_dn_0: 0.0441 (0.0471)  loss_bbox_dn_1: 0.0371 (0.0392)  loss_bbox_dn_2: 0.0359 (0.0382)  loss_giou: 0.8434 (0.8951)  loss_giou_aux_0: 0.8611 (0.9198)  loss_giou_aux_1: 0.8310 (0.8986)  loss_giou_aux_2: 0.9620 (0.9876)  loss_giou_dn_0: 0.7113 (0.7201)  loss_giou_dn_1: 0.6484 (0.6490)  loss_giou_dn_2: 0.6359 (0.6386)  loss_vfl: 0.4802 (0.4814)  loss_vfl_aux_0: 0.4845 (0.4955)  loss_vfl_aux_1: 0.4853 (0.4891)  loss_vfl_aux_2: 0.4818 (0.4949)  loss_vfl_dn_0: 0.4592 (0.4637)  loss_vfl_dn_1: 0.4316 (0.4325)  loss_vfl_dn_2: 0.4237 (0.4251)  time: 0.9956  data: 0.0280  max mem: 9264
Epoch: [89]  [700/809]  eta: 0:01:52  lr: 0.000010  loss: 9.5051 (9.4647)  loss_bbox: 0.0727 (0.0759)  loss_bbox_aux_0: 0.0772 (0.0812)  loss_bbox_aux_1: 0.0756 (0.0771)  loss_bbox_aux_2: 0.0962 (0.0952)  loss_bbox_dn_0: 0.0439 (0.0471)  loss_bbox_dn_1: 0.0359 (0.0392)  loss_bbox_dn_2: 0.0350 (0.0382)  loss_giou: 0.8660 (0.8996)  loss_giou_aux_0: 0.8911 (0.9244)  loss_giou_aux_1: 0.8689 (0.9033)  loss_giou_aux_2: 0.9776 (0.9922)  loss_giou_dn_0: 0.7025 (0.7225)  loss_giou_dn_1: 0.6381 (0.6513)  loss_giou_dn_2: 0.6370 (0.6411)  loss_vfl: 0.4778 (0.4801)  loss_vfl_aux_0: 0.4820 (0.4941)  loss_vfl_aux_1: 0.4840 (0.4876)  loss_vfl_aux_2: 0.4760 (0.4934)  loss_vfl_dn_0: 0.4616 (0.4634)  loss_vfl_dn_1: 0.4301 (0.4326)  loss_vfl_dn_2: 0.4270 (0.4252)  time: 1.0380  data: 0.0330  max mem: 9264
Epoch: [89]  [800/809]  eta: 0:00:09  lr: 0.000010  loss: 9.2843 (9.4930)  loss_bbox: 0.0666 (0.0771)  loss_bbox_aux_0: 0.0675 (0.0826)  loss_bbox_aux_1: 0.0668 (0.0783)  loss_bbox_aux_2: 0.0847 (0.0965)  loss_bbox_dn_0: 0.0469 (0.0473)  loss_bbox_dn_1: 0.0392 (0.0393)  loss_bbox_dn_2: 0.0374 (0.0383)  loss_giou: 0.8531 (0.9050)  loss_giou_aux_0: 0.8765 (0.9300)  loss_giou_aux_1: 0.8536 (0.9088)  loss_giou_aux_2: 0.9541 (0.9976)  loss_giou_dn_0: 0.7039 (0.7247)  loss_giou_dn_1: 0.6340 (0.6533)  loss_giou_dn_2: 0.6243 (0.6431)  loss_vfl: 0.4667 (0.4788)  loss_vfl_aux_0: 0.4849 (0.4927)  loss_vfl_aux_1: 0.4761 (0.4862)  loss_vfl_aux_2: 0.4995 (0.4918)  loss_vfl_dn_0: 0.4609 (0.4635)  loss_vfl_dn_1: 0.4383 (0.4327)  loss_vfl_dn_2: 0.4289 (0.4254)  time: 0.9955  data: 0.0312  max mem: 9264
Epoch: [89]  [808/809]  eta: 0:00:01  lr: 0.000010  loss: 9.2843 (9.4911)  loss_bbox: 0.0667 (0.0771)  loss_bbox_aux_0: 0.0704 (0.0825)  loss_bbox_aux_1: 0.0675 (0.0783)  loss_bbox_aux_2: 0.0850 (0.0964)  loss_bbox_dn_0: 0.0453 (0.0473)  loss_bbox_dn_1: 0.0376 (0.0393)  loss_bbox_dn_2: 0.0362 (0.0383)  loss_giou: 0.8531 (0.9045)  loss_giou_aux_0: 0.8787 (0.9294)  loss_giou_aux_1: 0.8536 (0.9083)  loss_giou_aux_2: 0.9541 (0.9970)  loss_giou_dn_0: 0.7102 (0.7245)  loss_giou_dn_1: 0.6275 (0.6532)  loss_giou_dn_2: 0.6114 (0.6429)  loss_vfl: 0.4793 (0.4790)  loss_vfl_aux_0: 0.4930 (0.4929)  loss_vfl_aux_1: 0.4859 (0.4864)  loss_vfl_aux_2: 0.5063 (0.4920)  loss_vfl_dn_0: 0.4591 (0.4635)  loss_vfl_dn_1: 0.4332 (0.4327)  loss_vfl_dn_2: 0.4249 (0.4254)  time: 0.8859  data: 0.0253  max mem: 9264
Epoch: [89] Total time: 0:13:47 (1.0230 s / it)
Averaged stats: lr: 0.000010  loss: 9.2843 (9.4911)  loss_bbox: 0.0667 (0.0771)  loss_bbox_aux_0: 0.0704 (0.0825)  loss_bbox_aux_1: 0.0675 (0.0783)  loss_bbox_aux_2: 0.0850 (0.0964)  loss_bbox_dn_0: 0.0453 (0.0473)  loss_bbox_dn_1: 0.0376 (0.0393)  loss_bbox_dn_2: 0.0362 (0.0383)  loss_giou: 0.8531 (0.9045)  loss_giou_aux_0: 0.8787 (0.9294)  loss_giou_aux_1: 0.8536 (0.9083)  loss_giou_aux_2: 0.9541 (0.9970)  loss_giou_dn_0: 0.7102 (0.7245)  loss_giou_dn_1: 0.6275 (0.6532)  loss_giou_dn_2: 0.6114 (0.6429)  loss_vfl: 0.4793 (0.4790)  loss_vfl_aux_0: 0.4930 (0.4929)  loss_vfl_aux_1: 0.4859 (0.4864)  loss_vfl_aux_2: 0.5063 (0.4920)  loss_vfl_dn_0: 0.4591 (0.4635)  loss_vfl_dn_1: 0.4332 (0.4327)  loss_vfl_dn_2: 0.4249 (0.4254)
Test:  [ 0/69]  eta: 0:01:24    time: 1.2251  data: 0.7463  max mem: 9264
Test:  [10/69]  eta: 0:00:35    time: 0.6030  data: 0.0889  max mem: 9264
Test:  [20/69]  eta: 0:00:29    time: 0.5658  data: 0.0223  max mem: 9264
Test:  [30/69]  eta: 0:00:22    time: 0.5502  data: 0.0213  max mem: 9264
Test:  [40/69]  eta: 0:00:16    time: 0.5083  data: 0.0215  max mem: 9264
Test:  [50/69]  eta: 0:00:10    time: 0.4794  data: 0.0222  max mem: 9264
Test:  [60/69]  eta: 0:00:04    time: 0.4522  data: 0.0225  max mem: 9264
Test:  [68/69]  eta: 0:00:00    time: 0.4621  data: 0.0215  max mem: 9264
Test: Total time: 0:00:35 (0.5175 s / it)
Averaged stats: 
Accumulating evaluation results...
DONE (t=2.02s).
IoU metric: bbox
 Average Precision  (AP) @[ IoU=0.50:0.95 | area=   all | maxDets=100 ] = 0.230
 Average Precision  (AP) @[ IoU=0.50      | area=   all | maxDets=100 ] = 0.386
 Average Precision  (AP) @[ IoU=0.75      | area=   all | maxDets=100 ] = 0.233
 Average Precision  (AP) @[ IoU=0.50:0.95 | area= small | maxDets=100 ] = 0.142
 Average Precision  (AP) @[ IoU=0.50:0.95 | area=medium | maxDets=100 ] = 0.327
 Average Precision  (AP) @[ IoU=0.50:0.95 | area= large | maxDets=100 ] = 0.466
 Average Recall     (AR) @[ IoU=0.50:0.95 | area=   all | maxDets=  1 ] = 0.101
 Average Recall     (AR) @[ IoU=0.50:0.95 | area=   all | maxDets= 10 ] = 0.283
 Average Recall     (AR) @[ IoU=0.50:0.95 | area=   all | maxDets=100 ] = 0.380
 Average Recall     (AR) @[ IoU=0.50:0.95 | area= small | maxDets=100 ] = 0.285
 Average Recall     (AR) @[ IoU=0.50:0.95 | area=medium | maxDets=100 ] = 0.505
 Average Recall     (AR) @[ IoU=0.50:0.95 | area= large | maxDets=100 ] = 0.621
best_stat:  {'epoch': 89, 'coco_eval_bbox': 0.2295439324223542}
Epoch: [90]  [  0/809]  eta: 1:22:37  lr: 0.000010  loss: 9.9069 (9.9069)  loss_bbox: 0.0748 (0.0748)  loss_bbox_aux_0: 0.0856 (0.0856)  loss_bbox_aux_1: 0.0831 (0.0831)  loss_bbox_aux_2: 0.1162 (0.1162)  loss_bbox_dn_0: 0.0434 (0.0434)  loss_bbox_dn_1: 0.0349 (0.0349)  loss_bbox_dn_2: 0.0340 (0.0340)  loss_giou: 1.0024 (1.0024)  loss_giou_aux_0: 1.0232 (1.0232)  loss_giou_aux_1: 1.0009 (1.0009)  loss_giou_aux_2: 1.1270 (1.1270)  loss_giou_dn_0: 0.7260 (0.7260)  loss_giou_dn_1: 0.6470 (0.6470)  loss_giou_dn_2: 0.6354 (0.6354)  loss_vfl: 0.4789 (0.4789)  loss_vfl_aux_0: 0.4824 (0.4824)  loss_vfl_aux_1: 0.4882 (0.4882)  loss_vfl_aux_2: 0.4603 (0.4603)  loss_vfl_dn_0: 0.4735 (0.4735)  loss_vfl_dn_1: 0.4461 (0.4461)  loss_vfl_dn_2: 0.4434 (0.4434)  time: 6.1285  data: 4.4102  max mem: 9264
Epoch: [90]  [100/809]  eta: 0:12:53  lr: 0.000010  loss: 9.1184 (9.4051)  loss_bbox: 0.0679 (0.0800)  loss_bbox_aux_0: 0.0655 (0.0851)  loss_bbox_aux_1: 0.0671 (0.0812)  loss_bbox_aux_2: 0.0808 (0.0980)  loss_bbox_dn_0: 0.0421 (0.0487)  loss_bbox_dn_1: 0.0355 (0.0408)  loss_bbox_dn_2: 0.0346 (0.0399)  loss_giou: 0.8271 (0.8841)  loss_giou_aux_0: 0.8527 (0.9076)  loss_giou_aux_1: 0.8231 (0.8865)  loss_giou_aux_2: 0.9409 (0.9796)  loss_giou_dn_0: 0.6976 (0.7154)  loss_giou_dn_1: 0.6235 (0.6461)  loss_giou_dn_2: 0.6153 (0.6359)  loss_vfl: 0.5007 (0.4792)  loss_vfl_aux_0: 0.5107 (0.4936)  loss_vfl_aux_1: 0.5059 (0.4859)  loss_vfl_aux_2: 0.5038 (0.4931)  loss_vfl_dn_0: 0.4638 (0.4646)  loss_vfl_dn_1: 0.4297 (0.4333)  loss_vfl_dn_2: 0.4222 (0.4265)  time: 1.0575  data: 0.0279  max mem: 9264
Epoch: [90]  [200/809]  eta: 0:10:43  lr: 0.000010  loss: 9.1437 (9.3413)  loss_bbox: 0.0638 (0.0769)  loss_bbox_aux_0: 0.0662 (0.0818)  loss_bbox_aux_1: 0.0636 (0.0782)  loss_bbox_aux_2: 0.0805 (0.0945)  loss_bbox_dn_0: 0.0449 (0.0491)  loss_bbox_dn_1: 0.0374 (0.0409)  loss_bbox_dn_2: 0.0365 (0.0400)  loss_giou: 0.8263 (0.8715)  loss_giou_aux_0: 0.8352 (0.8951)  loss_giou_aux_1: 0.8187 (0.8744)  loss_giou_aux_2: 0.9097 (0.9664)  loss_giou_dn_0: 0.6789 (0.7107)  loss_giou_dn_1: 0.6107 (0.6400)  loss_giou_dn_2: 0.6097 (0.6299)  loss_vfl: 0.5058 (0.4841)  loss_vfl_aux_0: 0.5217 (0.4985)  loss_vfl_aux_1: 0.5105 (0.4910)  loss_vfl_aux_2: 0.5204 (0.4991)  loss_vfl_dn_0: 0.4632 (0.4631)  loss_vfl_dn_1: 0.4319 (0.4316)  loss_vfl_dn_2: 0.4273 (0.4244)  time: 1.0326  data: 0.0291  max mem: 9264
Epoch: [90]  [300/809]  eta: 0:08:51  lr: 0.000010  loss: 9.5694 (9.4074)  loss_bbox: 0.0674 (0.0766)  loss_bbox_aux_0: 0.0716 (0.0814)  loss_bbox_aux_1: 0.0708 (0.0779)  loss_bbox_aux_2: 0.0812 (0.0941)  loss_bbox_dn_0: 0.0437 (0.0481)  loss_bbox_dn_1: 0.0356 (0.0400)  loss_bbox_dn_2: 0.0352 (0.0391)  loss_giou: 0.8638 (0.8836)  loss_giou_aux_0: 0.8774 (0.9074)  loss_giou_aux_1: 0.8708 (0.8865)  loss_giou_aux_2: 0.9751 (0.9773)  loss_giou_dn_0: 0.7556 (0.7169)  loss_giou_dn_1: 0.6683 (0.6457)  loss_giou_dn_2: 0.6647 (0.6357)  loss_vfl: 0.4974 (0.4848)  loss_vfl_aux_0: 0.5182 (0.4995)  loss_vfl_aux_1: 0.5108 (0.4922)  loss_vfl_aux_2: 0.4942 (0.4985)  loss_vfl_dn_0: 0.4711 (0.4637)  loss_vfl_dn_1: 0.4380 (0.4327)  loss_vfl_dn_2: 0.4293 (0.4257)  time: 1.0259  data: 0.0351  max mem: 9264
Epoch: [90]  [400/809]  eta: 0:07:05  lr: 0.000010  loss: 9.6540 (9.4263)  loss_bbox: 0.0751 (0.0769)  loss_bbox_aux_0: 0.0804 (0.0815)  loss_bbox_aux_1: 0.0760 (0.0782)  loss_bbox_aux_2: 0.0942 (0.0943)  loss_bbox_dn_0: 0.0447 (0.0480)  loss_bbox_dn_1: 0.0376 (0.0400)  loss_bbox_dn_2: 0.0369 (0.0391)  loss_giou: 0.9189 (0.8877)  loss_giou_aux_0: 0.9469 (0.9115)  loss_giou_aux_1: 0.9304 (0.8905)  loss_giou_aux_2: 1.0514 (0.9809)  loss_giou_dn_0: 0.7615 (0.7186)  loss_giou_dn_1: 0.6868 (0.6475)  loss_giou_dn_2: 0.6753 (0.6374)  loss_vfl: 0.4632 (0.4841)  loss_vfl_aux_0: 0.4769 (0.4991)  loss_vfl_aux_1: 0.4789 (0.4917)  loss_vfl_aux_2: 0.4702 (0.4976)  loss_vfl_dn_0: 0.4604 (0.4633)  loss_vfl_dn_1: 0.4330 (0.4327)  loss_vfl_dn_2: 0.4269 (0.4256)  time: 1.0586  data: 0.0302  max mem: 9264
Epoch: [90]  [500/809]  eta: 0:05:21  lr: 0.000010  loss: 9.7410 (9.4555)  loss_bbox: 0.0735 (0.0779)  loss_bbox_aux_0: 0.0748 (0.0827)  loss_bbox_aux_1: 0.0722 (0.0793)  loss_bbox_aux_2: 0.0905 (0.0956)  loss_bbox_dn_0: 0.0434 (0.0483)  loss_bbox_dn_1: 0.0347 (0.0403)  loss_bbox_dn_2: 0.0339 (0.0394)  loss_giou: 1.0205 (0.8944)  loss_giou_aux_0: 1.0310 (0.9183)  loss_giou_aux_1: 1.0211 (0.8971)  loss_giou_aux_2: 1.0813 (0.9863)  loss_giou_dn_0: 0.7540 (0.7206)  loss_giou_dn_1: 0.6896 (0.6498)  loss_giou_dn_2: 0.6782 (0.6397)  loss_vfl: 0.4508 (0.4819)  loss_vfl_aux_0: 0.4479 (0.4968)  loss_vfl_aux_1: 0.4501 (0.4895)  loss_vfl_aux_2: 0.4515 (0.4955)  loss_vfl_dn_0: 0.4660 (0.4634)  loss_vfl_dn_1: 0.4370 (0.4329)  loss_vfl_dn_2: 0.4301 (0.4258)  time: 1.0197  data: 0.0299  max mem: 9264
Epoch: [90]  [600/809]  eta: 0:03:36  lr: 0.000010  loss: 9.2408 (9.4684)  loss_bbox: 0.0686 (0.0781)  loss_bbox_aux_0: 0.0689 (0.0832)  loss_bbox_aux_1: 0.0676 (0.0795)  loss_bbox_aux_2: 0.0805 (0.0963)  loss_bbox_dn_0: 0.0455 (0.0480)  loss_bbox_dn_1: 0.0377 (0.0401)  loss_bbox_dn_2: 0.0367 (0.0391)  loss_giou: 0.8351 (0.8970)  loss_giou_aux_0: 0.8537 (0.9212)  loss_giou_aux_1: 0.8379 (0.8999)  loss_giou_aux_2: 0.9214 (0.9895)  loss_giou_dn_0: 0.7098 (0.7222)  loss_giou_dn_1: 0.6354 (0.6514)  loss_giou_dn_2: 0.6219 (0.6413)  loss_vfl: 0.4878 (0.4811)  loss_vfl_aux_0: 0.5029 (0.4957)  loss_vfl_aux_1: 0.4891 (0.4887)  loss_vfl_aux_2: 0.5031 (0.4943)  loss_vfl_dn_0: 0.4638 (0.4632)  loss_vfl_dn_1: 0.4271 (0.4328)  loss_vfl_dn_2: 0.4212 (0.4258)  time: 1.0100  data: 0.0264  max mem: 11941
Epoch: [90]  [700/809]  eta: 0:01:52  lr: 0.000010  loss: 9.3250 (9.4579)  loss_bbox: 0.0666 (0.0776)  loss_bbox_aux_0: 0.0712 (0.0825)  loss_bbox_aux_1: 0.0671 (0.0789)  loss_bbox_aux_2: 0.0869 (0.0957)  loss_bbox_dn_0: 0.0456 (0.0481)  loss_bbox_dn_1: 0.0394 (0.0402)  loss_bbox_dn_2: 0.0381 (0.0392)  loss_giou: 0.8724 (0.8949)  loss_giou_aux_0: 0.8934 (0.9189)  loss_giou_aux_1: 0.8725 (0.8978)  loss_giou_aux_2: 0.9613 (0.9866)  loss_giou_dn_0: 0.7329 (0.7217)  loss_giou_dn_1: 0.6503 (0.6508)  loss_giou_dn_2: 0.6411 (0.6406)  loss_vfl: 0.5024 (0.4818)  loss_vfl_aux_0: 0.5154 (0.4965)  loss_vfl_aux_1: 0.5110 (0.4893)  loss_vfl_aux_2: 0.5064 (0.4955)  loss_vfl_dn_0: 0.4566 (0.4632)  loss_vfl_dn_1: 0.4346 (0.4327)  loss_vfl_dn_2: 0.4250 (0.4256)  time: 1.0288  data: 0.0326  max mem: 11941
Epoch: [90]  [800/809]  eta: 0:00:09  lr: 0.000010  loss: 9.3761 (9.4532)  loss_bbox: 0.0700 (0.0773)  loss_bbox_aux_0: 0.0694 (0.0821)  loss_bbox_aux_1: 0.0711 (0.0787)  loss_bbox_aux_2: 0.0846 (0.0954)  loss_bbox_dn_0: 0.0504 (0.0481)  loss_bbox_dn_1: 0.0423 (0.0402)  loss_bbox_dn_2: 0.0415 (0.0392)  loss_giou: 0.8396 (0.8946)  loss_giou_aux_0: 0.8415 (0.9186)  loss_giou_aux_1: 0.8380 (0.8976)  loss_giou_aux_2: 0.8926 (0.9860)  loss_giou_dn_0: 0.7094 (0.7214)  loss_giou_dn_1: 0.6352 (0.6504)  loss_giou_dn_2: 0.6214 (0.6403)  loss_vfl: 0.4994 (0.4816)  loss_vfl_aux_0: 0.5131 (0.4961)  loss_vfl_aux_1: 0.5044 (0.4889)  loss_vfl_aux_2: 0.5271 (0.4954)  loss_vfl_dn_0: 0.4670 (0.4632)  loss_vfl_dn_1: 0.4382 (0.4326)  loss_vfl_dn_2: 0.4286 (0.4256)  time: 1.0033  data: 0.0270  max mem: 11941
Epoch: [90]  [808/809]  eta: 0:00:01  lr: 0.000010  loss: 9.4070 (9.4504)  loss_bbox: 0.0703 (0.0772)  loss_bbox_aux_0: 0.0694 (0.0820)  loss_bbox_aux_1: 0.0711 (0.0786)  loss_bbox_aux_2: 0.0827 (0.0953)  loss_bbox_dn_0: 0.0482 (0.0481)  loss_bbox_dn_1: 0.0389 (0.0402)  loss_bbox_dn_2: 0.0371 (0.0392)  loss_giou: 0.8400 (0.8940)  loss_giou_aux_0: 0.8687 (0.9181)  loss_giou_aux_1: 0.8551 (0.8971)  loss_giou_aux_2: 0.8998 (0.9854)  loss_giou_dn_0: 0.7052 (0.7211)  loss_giou_dn_1: 0.6429 (0.6501)  loss_giou_dn_2: 0.6347 (0.6399)  loss_vfl: 0.5022 (0.4817)  loss_vfl_aux_0: 0.5212 (0.4963)  loss_vfl_aux_1: 0.5128 (0.4890)  loss_vfl_aux_2: 0.5271 (0.4956)  loss_vfl_dn_0: 0.4671 (0.4633)  loss_vfl_dn_1: 0.4382 (0.4326)  loss_vfl_dn_2: 0.4259 (0.4255)  time: 0.8937  data: 0.0254  max mem: 11941
Epoch: [90] Total time: 0:13:54 (1.0312 s / it)
Averaged stats: lr: 0.000010  loss: 9.4070 (9.4504)  loss_bbox: 0.0703 (0.0772)  loss_bbox_aux_0: 0.0694 (0.0820)  loss_bbox_aux_1: 0.0711 (0.0786)  loss_bbox_aux_2: 0.0827 (0.0953)  loss_bbox_dn_0: 0.0482 (0.0481)  loss_bbox_dn_1: 0.0389 (0.0402)  loss_bbox_dn_2: 0.0371 (0.0392)  loss_giou: 0.8400 (0.8940)  loss_giou_aux_0: 0.8687 (0.9181)  loss_giou_aux_1: 0.8551 (0.8971)  loss_giou_aux_2: 0.8998 (0.9854)  loss_giou_dn_0: 0.7052 (0.7211)  loss_giou_dn_1: 0.6429 (0.6501)  loss_giou_dn_2: 0.6347 (0.6399)  loss_vfl: 0.5022 (0.4817)  loss_vfl_aux_0: 0.5212 (0.4963)  loss_vfl_aux_1: 0.5128 (0.4890)  loss_vfl_aux_2: 0.5271 (0.4956)  loss_vfl_dn_0: 0.4671 (0.4633)  loss_vfl_dn_1: 0.4382 (0.4326)  loss_vfl_dn_2: 0.4259 (0.4255)
Test:  [ 0/69]  eta: 0:01:24    time: 1.2186  data: 0.6472  max mem: 11941
Test:  [10/69]  eta: 0:00:36    time: 0.6196  data: 0.0814  max mem: 11941
Test:  [20/69]  eta: 0:00:29    time: 0.5690  data: 0.0235  max mem: 11941
Test:  [30/69]  eta: 0:00:22    time: 0.5510  data: 0.0224  max mem: 11941
Test:  [40/69]  eta: 0:00:16    time: 0.5172  data: 0.0220  max mem: 11941
Test:  [50/69]  eta: 0:00:10    time: 0.4842  data: 0.0215  max mem: 11941
Test:  [60/69]  eta: 0:00:04    time: 0.4544  data: 0.0213  max mem: 11941
Test:  [68/69]  eta: 0:00:00    time: 0.4627  data: 0.0202  max mem: 11941
Test: Total time: 0:00:36 (0.5228 s / it)
Averaged stats: 
Accumulating evaluation results...
DONE (t=2.03s).
IoU metric: bbox
 Average Precision  (AP) @[ IoU=0.50:0.95 | area=   all | maxDets=100 ] = 0.230
 Average Precision  (AP) @[ IoU=0.50      | area=   all | maxDets=100 ] = 0.386
 Average Precision  (AP) @[ IoU=0.75      | area=   all | maxDets=100 ] = 0.233
 Average Precision  (AP) @[ IoU=0.50:0.95 | area= small | maxDets=100 ] = 0.141
 Average Precision  (AP) @[ IoU=0.50:0.95 | area=medium | maxDets=100 ] = 0.327
 Average Precision  (AP) @[ IoU=0.50:0.95 | area= large | maxDets=100 ] = 0.466
 Average Recall     (AR) @[ IoU=0.50:0.95 | area=   all | maxDets=  1 ] = 0.101
 Average Recall     (AR) @[ IoU=0.50:0.95 | area=   all | maxDets= 10 ] = 0.283
 Average Recall     (AR) @[ IoU=0.50:0.95 | area=   all | maxDets=100 ] = 0.380
 Average Recall     (AR) @[ IoU=0.50:0.95 | area= small | maxDets=100 ] = 0.284
 Average Recall     (AR) @[ IoU=0.50:0.95 | area=medium | maxDets=100 ] = 0.505
 Average Recall     (AR) @[ IoU=0.50:0.95 | area= large | maxDets=100 ] = 0.626
best_stat:  {'epoch': 90, 'coco_eval_bbox': 0.22959785336567531}
Epoch: [91]  [  0/809]  eta: 1:10:08  lr: 0.000010  loss: 10.3522 (10.3522)  loss_bbox: 0.1483 (0.1483)  loss_bbox_aux_0: 0.1502 (0.1502)  loss_bbox_aux_1: 0.1500 (0.1500)  loss_bbox_aux_2: 0.1625 (0.1625)  loss_bbox_dn_0: 0.0707 (0.0707)  loss_bbox_dn_1: 0.0612 (0.0612)  loss_bbox_dn_2: 0.0601 (0.0601)  loss_giou: 1.0062 (1.0062)  loss_giou_aux_0: 1.0344 (1.0344)  loss_giou_aux_1: 1.0217 (1.0217)  loss_giou_aux_2: 1.0819 (1.0819)  loss_giou_dn_0: 0.7872 (0.7872)  loss_giou_dn_1: 0.7135 (0.7135)  loss_giou_dn_2: 0.7005 (0.7005)  loss_vfl: 0.4607 (0.4607)  loss_vfl_aux_0: 0.4668 (0.4668)  loss_vfl_aux_1: 0.4588 (0.4588)  loss_vfl_aux_2: 0.4631 (0.4631)  loss_vfl_dn_0: 0.4675 (0.4675)  loss_vfl_dn_1: 0.4464 (0.4464)  loss_vfl_dn_2: 0.4404 (0.4404)  time: 5.2016  data: 3.2345  max mem: 11941
Epoch: [91]  [100/809]  eta: 0:12:35  lr: 0.000010  loss: 9.4899 (9.3754)  loss_bbox: 0.0671 (0.0749)  loss_bbox_aux_0: 0.0698 (0.0790)  loss_bbox_aux_1: 0.0692 (0.0763)  loss_bbox_aux_2: 0.0814 (0.0922)  loss_bbox_dn_0: 0.0462 (0.0489)  loss_bbox_dn_1: 0.0377 (0.0406)  loss_bbox_dn_2: 0.0371 (0.0396)  loss_giou: 0.8985 (0.8783)  loss_giou_aux_0: 0.9265 (0.9026)  loss_giou_aux_1: 0.9065 (0.8826)  loss_giou_aux_2: 0.9884 (0.9705)  loss_giou_dn_0: 0.7410 (0.7114)  loss_giou_dn_1: 0.6673 (0.6407)  loss_giou_dn_2: 0.6624 (0.6305)  loss_vfl: 0.4903 (0.4862)  loss_vfl_aux_0: 0.4986 (0.5035)  loss_vfl_aux_1: 0.4939 (0.4955)  loss_vfl_aux_2: 0.5018 (0.5044)  loss_vfl_dn_0: 0.4605 (0.4638)  loss_vfl_dn_1: 0.4294 (0.4306)  loss_vfl_dn_2: 0.4253 (0.4231)  time: 1.0392  data: 0.0327  max mem: 11941
Epoch: [91]  [200/809]  eta: 0:10:33  lr: 0.000010  loss: 9.1742 (9.3841)  loss_bbox: 0.0706 (0.0746)  loss_bbox_aux_0: 0.0759 (0.0793)  loss_bbox_aux_1: 0.0729 (0.0760)  loss_bbox_aux_2: 0.0897 (0.0922)  loss_bbox_dn_0: 0.0434 (0.0491)  loss_bbox_dn_1: 0.0358 (0.0409)  loss_bbox_dn_2: 0.0349 (0.0399)  loss_giou: 0.8641 (0.8794)  loss_giou_aux_0: 0.8895 (0.9029)  loss_giou_aux_1: 0.8625 (0.8825)  loss_giou_aux_2: 0.9544 (0.9695)  loss_giou_dn_0: 0.6991 (0.7153)  loss_giou_dn_1: 0.6256 (0.6446)  loss_giou_dn_2: 0.6129 (0.6346)  loss_vfl: 0.5153 (0.4856)  loss_vfl_aux_0: 0.5207 (0.5017)  loss_vfl_aux_1: 0.5160 (0.4940)  loss_vfl_aux_2: 0.5275 (0.5028)  loss_vfl_dn_0: 0.4669 (0.4637)  loss_vfl_dn_1: 0.4275 (0.4316)  loss_vfl_dn_2: 0.4236 (0.4240)  time: 0.9910  data: 0.0293  max mem: 11941
Epoch: [91]  [300/809]  eta: 0:08:44  lr: 0.000010  loss: 9.5869 (9.4297)  loss_bbox: 0.0728 (0.0781)  loss_bbox_aux_0: 0.0765 (0.0827)  loss_bbox_aux_1: 0.0746 (0.0794)  loss_bbox_aux_2: 0.0881 (0.0955)  loss_bbox_dn_0: 0.0448 (0.0485)  loss_bbox_dn_1: 0.0376 (0.0404)  loss_bbox_dn_2: 0.0370 (0.0394)  loss_giou: 0.8756 (0.8869)  loss_giou_aux_0: 0.9060 (0.9112)  loss_giou_aux_1: 0.8876 (0.8902)  loss_giou_aux_2: 0.9958 (0.9782)  loss_giou_dn_0: 0.7342 (0.7187)  loss_giou_dn_1: 0.6667 (0.6477)  loss_giou_dn_2: 0.6577 (0.6376)  loss_vfl: 0.4764 (0.4839)  loss_vfl_aux_0: 0.4856 (0.4994)  loss_vfl_aux_1: 0.4816 (0.4924)  loss_vfl_aux_2: 0.4877 (0.4988)  loss_vfl_dn_0: 0.4635 (0.4639)  loss_vfl_dn_1: 0.4325 (0.4322)  loss_vfl_dn_2: 0.4258 (0.4245)  time: 1.0090  data: 0.0277  max mem: 11941
Epoch: [91]  [400/809]  eta: 0:07:04  lr: 0.000010  loss: 9.2564 (9.4716)  loss_bbox: 0.0669 (0.0775)  loss_bbox_aux_0: 0.0737 (0.0822)  loss_bbox_aux_1: 0.0703 (0.0789)  loss_bbox_aux_2: 0.0860 (0.0949)  loss_bbox_dn_0: 0.0480 (0.0478)  loss_bbox_dn_1: 0.0403 (0.0398)  loss_bbox_dn_2: 0.0395 (0.0388)  loss_giou: 0.8736 (0.9004)  loss_giou_aux_0: 0.9003 (0.9244)  loss_giou_aux_1: 0.8835 (0.9037)  loss_giou_aux_2: 0.9566 (0.9903)  loss_giou_dn_0: 0.7082 (0.7232)  loss_giou_dn_1: 0.6409 (0.6525)  loss_giou_dn_2: 0.6312 (0.6424)  loss_vfl: 0.4679 (0.4792)  loss_vfl_aux_0: 0.4840 (0.4952)  loss_vfl_aux_1: 0.4761 (0.4874)  loss_vfl_aux_2: 0.4767 (0.4943)  loss_vfl_dn_0: 0.4601 (0.4631)  loss_vfl_dn_1: 0.4271 (0.4318)  loss_vfl_dn_2: 0.4206 (0.4242)  time: 1.0937  data: 0.0327  max mem: 11941
Epoch: [91]  [500/809]  eta: 0:05:20  lr: 0.000010  loss: 9.2814 (9.4980)  loss_bbox: 0.0670 (0.0788)  loss_bbox_aux_0: 0.0725 (0.0837)  loss_bbox_aux_1: 0.0684 (0.0803)  loss_bbox_aux_2: 0.0842 (0.0971)  loss_bbox_dn_0: 0.0473 (0.0476)  loss_bbox_dn_1: 0.0395 (0.0397)  loss_bbox_dn_2: 0.0381 (0.0387)  loss_giou: 0.8868 (0.9063)  loss_giou_aux_0: 0.9014 (0.9307)  loss_giou_aux_1: 0.8864 (0.9096)  loss_giou_aux_2: 0.9541 (0.9968)  loss_giou_dn_0: 0.7040 (0.7246)  loss_giou_dn_1: 0.6325 (0.6538)  loss_giou_dn_2: 0.6230 (0.6437)  loss_vfl: 0.4903 (0.4772)  loss_vfl_aux_0: 0.5029 (0.4929)  loss_vfl_aux_1: 0.4952 (0.4854)  loss_vfl_aux_2: 0.5060 (0.4915)  loss_vfl_dn_0: 0.4640 (0.4630)  loss_vfl_dn_1: 0.4311 (0.4320)  loss_vfl_dn_2: 0.4230 (0.4244)  time: 1.0352  data: 0.0330  max mem: 11941
Epoch: [91]  [600/809]  eta: 0:03:36  lr: 0.000010  loss: 9.5010 (9.5092)  loss_bbox: 0.0718 (0.0786)  loss_bbox_aux_0: 0.0754 (0.0836)  loss_bbox_aux_1: 0.0751 (0.0801)  loss_bbox_aux_2: 0.0985 (0.0973)  loss_bbox_dn_0: 0.0496 (0.0478)  loss_bbox_dn_1: 0.0417 (0.0398)  loss_bbox_dn_2: 0.0405 (0.0388)  loss_giou: 0.9308 (0.9087)  loss_giou_aux_0: 0.9500 (0.9339)  loss_giou_aux_1: 0.9291 (0.9122)  loss_giou_aux_2: 1.0173 (0.9998)  loss_giou_dn_0: 0.7196 (0.7264)  loss_giou_dn_1: 0.6496 (0.6553)  loss_giou_dn_2: 0.6317 (0.6452)  loss_vfl: 0.4656 (0.4763)  loss_vfl_aux_0: 0.4823 (0.4915)  loss_vfl_aux_1: 0.4798 (0.4843)  loss_vfl_aux_2: 0.4863 (0.4902)  loss_vfl_dn_0: 0.4642 (0.4629)  loss_vfl_dn_1: 0.4353 (0.4319)  loss_vfl_dn_2: 0.4289 (0.4245)  time: 1.0432  data: 0.0276  max mem: 11941
Epoch: [91]  [700/809]  eta: 0:01:53  lr: 0.000010  loss: 9.6207 (9.5208)  loss_bbox: 0.0748 (0.0788)  loss_bbox_aux_0: 0.0844 (0.0840)  loss_bbox_aux_1: 0.0791 (0.0804)  loss_bbox_aux_2: 0.0990 (0.0980)  loss_bbox_dn_0: 0.0459 (0.0475)  loss_bbox_dn_1: 0.0391 (0.0396)  loss_bbox_dn_2: 0.0390 (0.0386)  loss_giou: 0.9162 (0.9130)  loss_giou_aux_0: 0.9484 (0.9379)  loss_giou_aux_1: 0.9118 (0.9164)  loss_giou_aux_2: 1.0231 (1.0037)  loss_giou_dn_0: 0.7364 (0.7275)  loss_giou_dn_1: 0.6654 (0.6566)  loss_giou_dn_2: 0.6563 (0.6465)  loss_vfl: 0.4638 (0.4740)  loss_vfl_aux_0: 0.4783 (0.4889)  loss_vfl_aux_1: 0.4676 (0.4818)  loss_vfl_aux_2: 0.4646 (0.4876)  loss_vfl_dn_0: 0.4605 (0.4629)  loss_vfl_dn_1: 0.4335 (0.4322)  loss_vfl_dn_2: 0.4243 (0.4247)  time: 1.0142  data: 0.0291  max mem: 11941
Epoch: [91]  [800/809]  eta: 0:00:09  lr: 0.000010  loss: 9.1705 (9.5140)  loss_bbox: 0.0641 (0.0782)  loss_bbox_aux_0: 0.0661 (0.0833)  loss_bbox_aux_1: 0.0645 (0.0798)  loss_bbox_aux_2: 0.0790 (0.0971)  loss_bbox_dn_0: 0.0484 (0.0475)  loss_bbox_dn_1: 0.0401 (0.0396)  loss_bbox_dn_2: 0.0385 (0.0386)  loss_giou: 0.8151 (0.9104)  loss_giou_aux_0: 0.8291 (0.9354)  loss_giou_aux_1: 0.8267 (0.9138)  loss_giou_aux_2: 0.8882 (1.0012)  loss_giou_dn_0: 0.6896 (0.7270)  loss_giou_dn_1: 0.6234 (0.6562)  loss_giou_dn_2: 0.6131 (0.6461)  loss_vfl: 0.4901 (0.4759)  loss_vfl_aux_0: 0.5092 (0.4906)  loss_vfl_aux_1: 0.5009 (0.4838)  loss_vfl_aux_2: 0.5176 (0.4892)  loss_vfl_dn_0: 0.4652 (0.4630)  loss_vfl_dn_1: 0.4321 (0.4324)  loss_vfl_dn_2: 0.4246 (0.4249)  time: 1.0231  data: 0.0304  max mem: 11941
Epoch: [91]  [808/809]  eta: 0:00:01  lr: 0.000010  loss: 9.1705 (9.5133)  loss_bbox: 0.0677 (0.0781)  loss_bbox_aux_0: 0.0731 (0.0832)  loss_bbox_aux_1: 0.0693 (0.0797)  loss_bbox_aux_2: 0.0872 (0.0970)  loss_bbox_dn_0: 0.0519 (0.0476)  loss_bbox_dn_1: 0.0421 (0.0397)  loss_bbox_dn_2: 0.0410 (0.0387)  loss_giou: 0.8106 (0.9100)  loss_giou_aux_0: 0.8291 (0.9350)  loss_giou_aux_1: 0.8174 (0.9134)  loss_giou_aux_2: 0.8803 (1.0010)  loss_giou_dn_0: 0.6922 (0.7271)  loss_giou_dn_1: 0.6234 (0.6564)  loss_giou_dn_2: 0.6131 (0.6462)  loss_vfl: 0.4867 (0.4760)  loss_vfl_aux_0: 0.5077 (0.4908)  loss_vfl_aux_1: 0.4968 (0.4839)  loss_vfl_aux_2: 0.5135 (0.4893)  loss_vfl_dn_0: 0.4586 (0.4630)  loss_vfl_dn_1: 0.4291 (0.4323)  loss_vfl_dn_2: 0.4235 (0.4249)  time: 0.8794  data: 0.0289  max mem: 11941
Epoch: [91] Total time: 0:13:56 (1.0342 s / it)
Averaged stats: lr: 0.000010  loss: 9.1705 (9.5133)  loss_bbox: 0.0677 (0.0781)  loss_bbox_aux_0: 0.0731 (0.0832)  loss_bbox_aux_1: 0.0693 (0.0797)  loss_bbox_aux_2: 0.0872 (0.0970)  loss_bbox_dn_0: 0.0519 (0.0476)  loss_bbox_dn_1: 0.0421 (0.0397)  loss_bbox_dn_2: 0.0410 (0.0387)  loss_giou: 0.8106 (0.9100)  loss_giou_aux_0: 0.8291 (0.9350)  loss_giou_aux_1: 0.8174 (0.9134)  loss_giou_aux_2: 0.8803 (1.0010)  loss_giou_dn_0: 0.6922 (0.7271)  loss_giou_dn_1: 0.6234 (0.6564)  loss_giou_dn_2: 0.6131 (0.6462)  loss_vfl: 0.4867 (0.4760)  loss_vfl_aux_0: 0.5077 (0.4908)  loss_vfl_aux_1: 0.4968 (0.4839)  loss_vfl_aux_2: 0.5135 (0.4893)  loss_vfl_dn_0: 0.4586 (0.4630)  loss_vfl_dn_1: 0.4291 (0.4323)  loss_vfl_dn_2: 0.4235 (0.4249)
Test:  [ 0/69]  eta: 0:01:19    time: 1.1576  data: 0.7220  max mem: 11941
Test:  [10/69]  eta: 0:00:36    time: 0.6133  data: 0.0840  max mem: 11941
Test:  [20/69]  eta: 0:00:29    time: 0.5676  data: 0.0206  max mem: 11941
Test:  [30/69]  eta: 0:00:22    time: 0.5400  data: 0.0209  max mem: 11941
Test:  [40/69]  eta: 0:00:15    time: 0.4946  data: 0.0224  max mem: 11941
Test:  [50/69]  eta: 0:00:10    time: 0.4749  data: 0.0246  max mem: 11941
Test:  [60/69]  eta: 0:00:04    time: 0.4526  data: 0.0242  max mem: 11941
Test:  [68/69]  eta: 0:00:00    time: 0.4585  data: 0.0212  max mem: 11941
Test: Total time: 0:00:35 (0.5131 s / it)
Averaged stats: 
Accumulating evaluation results...
DONE (t=2.02s).
IoU metric: bbox
 Average Precision  (AP) @[ IoU=0.50:0.95 | area=   all | maxDets=100 ] = 0.230
 Average Precision  (AP) @[ IoU=0.50      | area=   all | maxDets=100 ] = 0.386
 Average Precision  (AP) @[ IoU=0.75      | area=   all | maxDets=100 ] = 0.233
 Average Precision  (AP) @[ IoU=0.50:0.95 | area= small | maxDets=100 ] = 0.141
 Average Precision  (AP) @[ IoU=0.50:0.95 | area=medium | maxDets=100 ] = 0.327
 Average Precision  (AP) @[ IoU=0.50:0.95 | area= large | maxDets=100 ] = 0.465
 Average Recall     (AR) @[ IoU=0.50:0.95 | area=   all | maxDets=  1 ] = 0.102
 Average Recall     (AR) @[ IoU=0.50:0.95 | area=   all | maxDets= 10 ] = 0.283
 Average Recall     (AR) @[ IoU=0.50:0.95 | area=   all | maxDets=100 ] = 0.379
 Average Recall     (AR) @[ IoU=0.50:0.95 | area= small | maxDets=100 ] = 0.284
 Average Recall     (AR) @[ IoU=0.50:0.95 | area=medium | maxDets=100 ] = 0.505
 Average Recall     (AR) @[ IoU=0.50:0.95 | area= large | maxDets=100 ] = 0.628
best_stat:  {'epoch': 91, 'coco_eval_bbox': 0.22991487632436228}
Epoch: [92]  [  0/809]  eta: 0:59:30  lr: 0.000010  loss: 9.2957 (9.2957)  loss_bbox: 0.0661 (0.0661)  loss_bbox_aux_0: 0.0705 (0.0705)  loss_bbox_aux_1: 0.0686 (0.0686)  loss_bbox_aux_2: 0.0926 (0.0926)  loss_bbox_dn_0: 0.0777 (0.0777)  loss_bbox_dn_1: 0.0631 (0.0631)  loss_bbox_dn_2: 0.0602 (0.0602)  loss_giou: 0.6915 (0.6915)  loss_giou_aux_0: 0.7048 (0.7048)  loss_giou_aux_1: 0.7055 (0.7055)  loss_giou_aux_2: 0.8211 (0.8211)  loss_giou_dn_0: 0.7152 (0.7152)  loss_giou_dn_1: 0.6293 (0.6293)  loss_giou_dn_2: 0.6133 (0.6133)  loss_vfl: 0.6399 (0.6399)  loss_vfl_aux_0: 0.6629 (0.6629)  loss_vfl_aux_1: 0.6451 (0.6451)  loss_vfl_aux_2: 0.6343 (0.6343)  loss_vfl_dn_0: 0.4681 (0.4681)  loss_vfl_dn_1: 0.4379 (0.4379)  loss_vfl_dn_2: 0.4280 (0.4280)  time: 4.4131  data: 2.5044  max mem: 11941
Epoch: [92]  [100/809]  eta: 0:12:29  lr: 0.000010  loss: 9.3917 (9.3901)  loss_bbox: 0.0698 (0.0717)  loss_bbox_aux_0: 0.0743 (0.0764)  loss_bbox_aux_1: 0.0701 (0.0734)  loss_bbox_aux_2: 0.0855 (0.0884)  loss_bbox_dn_0: 0.0440 (0.0466)  loss_bbox_dn_1: 0.0384 (0.0385)  loss_bbox_dn_2: 0.0374 (0.0374)  loss_giou: 0.8626 (0.8863)  loss_giou_aux_0: 0.8893 (0.9095)  loss_giou_aux_1: 0.8676 (0.8898)  loss_giou_aux_2: 0.9637 (0.9790)  loss_giou_dn_0: 0.7217 (0.7190)  loss_giou_dn_1: 0.6479 (0.6459)  loss_giou_dn_2: 0.6412 (0.6354)  loss_vfl: 0.4900 (0.4828)  loss_vfl_aux_0: 0.5018 (0.4998)  loss_vfl_aux_1: 0.4940 (0.4903)  loss_vfl_aux_2: 0.5087 (0.4982)  loss_vfl_dn_0: 0.4694 (0.4636)  loss_vfl_dn_1: 0.4356 (0.4328)  loss_vfl_dn_2: 0.4271 (0.4253)  time: 1.0090  data: 0.0261  max mem: 11941
Epoch: [92]  [200/809]  eta: 0:10:36  lr: 0.000010  loss: 9.2694 (9.4116)  loss_bbox: 0.0681 (0.0729)  loss_bbox_aux_0: 0.0753 (0.0778)  loss_bbox_aux_1: 0.0683 (0.0744)  loss_bbox_aux_2: 0.0838 (0.0905)  loss_bbox_dn_0: 0.0445 (0.0466)  loss_bbox_dn_1: 0.0372 (0.0387)  loss_bbox_dn_2: 0.0361 (0.0377)  loss_giou: 0.8575 (0.8931)  loss_giou_aux_0: 0.8834 (0.9166)  loss_giou_aux_1: 0.8509 (0.8963)  loss_giou_aux_2: 0.9473 (0.9851)  loss_giou_dn_0: 0.7164 (0.7203)  loss_giou_dn_1: 0.6384 (0.6491)  loss_giou_dn_2: 0.6264 (0.6384)  loss_vfl: 0.4810 (0.4787)  loss_vfl_aux_0: 0.4916 (0.4946)  loss_vfl_aux_1: 0.4884 (0.4860)  loss_vfl_aux_2: 0.4915 (0.4932)  loss_vfl_dn_0: 0.4595 (0.4635)  loss_vfl_dn_1: 0.4284 (0.4326)  loss_vfl_dn_2: 0.4249 (0.4253)  time: 1.0244  data: 0.0308  max mem: 11941
Epoch: [92]  [300/809]  eta: 0:08:48  lr: 0.000010  loss: 9.1747 (9.4308)  loss_bbox: 0.0688 (0.0738)  loss_bbox_aux_0: 0.0785 (0.0790)  loss_bbox_aux_1: 0.0725 (0.0753)  loss_bbox_aux_2: 0.0868 (0.0922)  loss_bbox_dn_0: 0.0482 (0.0469)  loss_bbox_dn_1: 0.0396 (0.0389)  loss_bbox_dn_2: 0.0385 (0.0379)  loss_giou: 0.8801 (0.8939)  loss_giou_aux_0: 0.9359 (0.9179)  loss_giou_aux_1: 0.8848 (0.8976)  loss_giou_aux_2: 0.9958 (0.9864)  loss_giou_dn_0: 0.7323 (0.7204)  loss_giou_dn_1: 0.6501 (0.6491)  loss_giou_dn_2: 0.6328 (0.6386)  loss_vfl: 0.4862 (0.4805)  loss_vfl_aux_0: 0.4929 (0.4963)  loss_vfl_aux_1: 0.4964 (0.4879)  loss_vfl_aux_2: 0.5098 (0.4947)  loss_vfl_dn_0: 0.4675 (0.4643)  loss_vfl_dn_1: 0.4346 (0.4334)  loss_vfl_dn_2: 0.4268 (0.4259)  time: 1.0110  data: 0.0278  max mem: 11941
Epoch: [92]  [400/809]  eta: 0:07:06  lr: 0.000010  loss: 9.4841 (9.4100)  loss_bbox: 0.0710 (0.0739)  loss_bbox_aux_0: 0.0771 (0.0788)  loss_bbox_aux_1: 0.0714 (0.0754)  loss_bbox_aux_2: 0.0956 (0.0917)  loss_bbox_dn_0: 0.0452 (0.0471)  loss_bbox_dn_1: 0.0391 (0.0391)  loss_bbox_dn_2: 0.0385 (0.0381)  loss_giou: 0.9625 (0.8890)  loss_giou_aux_0: 0.9678 (0.9130)  loss_giou_aux_1: 0.9602 (0.8927)  loss_giou_aux_2: 1.0833 (0.9810)  loss_giou_dn_0: 0.7605 (0.7192)  loss_giou_dn_1: 0.6962 (0.6480)  loss_giou_dn_2: 0.6834 (0.6375)  loss_vfl: 0.4554 (0.4814)  loss_vfl_aux_0: 0.4647 (0.4970)  loss_vfl_aux_1: 0.4603 (0.4890)  loss_vfl_aux_2: 0.4656 (0.4958)  loss_vfl_dn_0: 0.4538 (0.4638)  loss_vfl_dn_1: 0.4293 (0.4329)  loss_vfl_dn_2: 0.4244 (0.4256)  time: 1.0699  data: 0.0315  max mem: 11941
Epoch: [92]  [500/809]  eta: 0:05:22  lr: 0.000010  loss: 9.2079 (9.3982)  loss_bbox: 0.0666 (0.0733)  loss_bbox_aux_0: 0.0702 (0.0782)  loss_bbox_aux_1: 0.0664 (0.0747)  loss_bbox_aux_2: 0.0797 (0.0911)  loss_bbox_dn_0: 0.0496 (0.0474)  loss_bbox_dn_1: 0.0401 (0.0394)  loss_bbox_dn_2: 0.0393 (0.0384)  loss_giou: 0.8028 (0.8857)  loss_giou_aux_0: 0.8143 (0.9094)  loss_giou_aux_1: 0.7991 (0.8895)  loss_giou_aux_2: 0.8841 (0.9775)  loss_giou_dn_0: 0.7064 (0.7179)  loss_giou_dn_1: 0.6332 (0.6468)  loss_giou_dn_2: 0.6171 (0.6362)  loss_vfl: 0.4950 (0.4826)  loss_vfl_aux_0: 0.5237 (0.4985)  loss_vfl_aux_1: 0.5098 (0.4905)  loss_vfl_aux_2: 0.5267 (0.4976)  loss_vfl_dn_0: 0.4670 (0.4644)  loss_vfl_dn_1: 0.4357 (0.4333)  loss_vfl_dn_2: 0.4235 (0.4258)  time: 1.0346  data: 0.0320  max mem: 11941
Epoch: [92]  [600/809]  eta: 0:03:37  lr: 0.000010  loss: 9.4760 (9.4199)  loss_bbox: 0.0824 (0.0745)  loss_bbox_aux_0: 0.0843 (0.0793)  loss_bbox_aux_1: 0.0834 (0.0758)  loss_bbox_aux_2: 0.0968 (0.0923)  loss_bbox_dn_0: 0.0493 (0.0475)  loss_bbox_dn_1: 0.0395 (0.0395)  loss_bbox_dn_2: 0.0386 (0.0385)  loss_giou: 0.8915 (0.8896)  loss_giou_aux_0: 0.9066 (0.9134)  loss_giou_aux_1: 0.8919 (0.8935)  loss_giou_aux_2: 0.9723 (0.9816)  loss_giou_dn_0: 0.7406 (0.7201)  loss_giou_dn_1: 0.6703 (0.6489)  loss_giou_dn_2: 0.6556 (0.6383)  loss_vfl: 0.4747 (0.4815)  loss_vfl_aux_0: 0.4870 (0.4969)  loss_vfl_aux_1: 0.4810 (0.4893)  loss_vfl_aux_2: 0.4694 (0.4958)  loss_vfl_dn_0: 0.4691 (0.4642)  loss_vfl_dn_1: 0.4313 (0.4333)  loss_vfl_dn_2: 0.4241 (0.4260)  time: 1.0668  data: 0.0312  max mem: 11941
Epoch: [92]  [700/809]  eta: 0:01:53  lr: 0.000010  loss: 9.4502 (9.4601)  loss_bbox: 0.0687 (0.0752)  loss_bbox_aux_0: 0.0701 (0.0801)  loss_bbox_aux_1: 0.0700 (0.0766)  loss_bbox_aux_2: 0.0872 (0.0931)  loss_bbox_dn_0: 0.0462 (0.0475)  loss_bbox_dn_1: 0.0373 (0.0395)  loss_bbox_dn_2: 0.0359 (0.0385)  loss_giou: 0.9077 (0.8977)  loss_giou_aux_0: 0.9264 (0.9220)  loss_giou_aux_1: 0.9158 (0.9017)  loss_giou_aux_2: 0.9849 (0.9897)  loss_giou_dn_0: 0.7366 (0.7233)  loss_giou_dn_1: 0.6575 (0.6525)  loss_giou_dn_2: 0.6468 (0.6420)  loss_vfl: 0.4969 (0.4801)  loss_vfl_aux_0: 0.5088 (0.4952)  loss_vfl_aux_1: 0.4993 (0.4878)  loss_vfl_aux_2: 0.4944 (0.4938)  loss_vfl_dn_0: 0.4696 (0.4642)  loss_vfl_dn_1: 0.4389 (0.4335)  loss_vfl_dn_2: 0.4327 (0.4262)  time: 1.0411  data: 0.0346  max mem: 11941
Epoch: [92]  [800/809]  eta: 0:00:09  lr: 0.000010  loss: 9.2653 (9.4599)  loss_bbox: 0.0649 (0.0751)  loss_bbox_aux_0: 0.0716 (0.0800)  loss_bbox_aux_1: 0.0665 (0.0765)  loss_bbox_aux_2: 0.0816 (0.0930)  loss_bbox_dn_0: 0.0485 (0.0475)  loss_bbox_dn_1: 0.0401 (0.0396)  loss_bbox_dn_2: 0.0387 (0.0386)  loss_giou: 0.8233 (0.8969)  loss_giou_aux_0: 0.8663 (0.9212)  loss_giou_aux_1: 0.8575 (0.9010)  loss_giou_aux_2: 0.9113 (0.9891)  loss_giou_dn_0: 0.7075 (0.7231)  loss_giou_dn_1: 0.6396 (0.6523)  loss_giou_dn_2: 0.6276 (0.6418)  loss_vfl: 0.4883 (0.4810)  loss_vfl_aux_0: 0.4997 (0.4962)  loss_vfl_aux_1: 0.4870 (0.4887)  loss_vfl_aux_2: 0.5053 (0.4948)  loss_vfl_dn_0: 0.4623 (0.4640)  loss_vfl_dn_1: 0.4332 (0.4334)  loss_vfl_dn_2: 0.4248 (0.4261)  time: 1.0156  data: 0.0283  max mem: 11941
Epoch: [92]  [808/809]  eta: 0:00:01  lr: 0.000010  loss: 9.3388 (9.4562)  loss_bbox: 0.0649 (0.0751)  loss_bbox_aux_0: 0.0710 (0.0800)  loss_bbox_aux_1: 0.0660 (0.0765)  loss_bbox_aux_2: 0.0816 (0.0930)  loss_bbox_dn_0: 0.0505 (0.0477)  loss_bbox_dn_1: 0.0420 (0.0396)  loss_bbox_dn_2: 0.0404 (0.0386)  loss_giou: 0.7765 (0.8960)  loss_giou_aux_0: 0.8040 (0.9202)  loss_giou_aux_1: 0.7828 (0.9001)  loss_giou_aux_2: 0.9086 (0.9881)  loss_giou_dn_0: 0.7143 (0.7226)  loss_giou_dn_1: 0.6401 (0.6517)  loss_giou_dn_2: 0.6278 (0.6413)  loss_vfl: 0.4929 (0.4812)  loss_vfl_aux_0: 0.5132 (0.4965)  loss_vfl_aux_1: 0.4968 (0.4890)  loss_vfl_aux_2: 0.5431 (0.4953)  loss_vfl_dn_0: 0.4644 (0.4641)  loss_vfl_dn_1: 0.4332 (0.4334)  loss_vfl_dn_2: 0.4252 (0.4261)  time: 0.9100  data: 0.0277  max mem: 11941
Epoch: [92] Total time: 0:13:59 (1.0379 s / it)
Averaged stats: lr: 0.000010  loss: 9.3388 (9.4562)  loss_bbox: 0.0649 (0.0751)  loss_bbox_aux_0: 0.0710 (0.0800)  loss_bbox_aux_1: 0.0660 (0.0765)  loss_bbox_aux_2: 0.0816 (0.0930)  loss_bbox_dn_0: 0.0505 (0.0477)  loss_bbox_dn_1: 0.0420 (0.0396)  loss_bbox_dn_2: 0.0404 (0.0386)  loss_giou: 0.7765 (0.8960)  loss_giou_aux_0: 0.8040 (0.9202)  loss_giou_aux_1: 0.7828 (0.9001)  loss_giou_aux_2: 0.9086 (0.9881)  loss_giou_dn_0: 0.7143 (0.7226)  loss_giou_dn_1: 0.6401 (0.6517)  loss_giou_dn_2: 0.6278 (0.6413)  loss_vfl: 0.4929 (0.4812)  loss_vfl_aux_0: 0.5132 (0.4965)  loss_vfl_aux_1: 0.4968 (0.4890)  loss_vfl_aux_2: 0.5431 (0.4953)  loss_vfl_dn_0: 0.4644 (0.4641)  loss_vfl_dn_1: 0.4332 (0.4334)  loss_vfl_dn_2: 0.4252 (0.4261)
Test:  [ 0/69]  eta: 0:01:24    time: 1.2257  data: 0.6767  max mem: 11941
Test:  [10/69]  eta: 0:00:34    time: 0.5908  data: 0.0806  max mem: 11941
Test:  [20/69]  eta: 0:00:28    time: 0.5400  data: 0.0215  max mem: 11941
Test:  [30/69]  eta: 0:00:21    time: 0.5486  data: 0.0216  max mem: 11941
Test:  [40/69]  eta: 0:00:15    time: 0.5286  data: 0.0215  max mem: 11941
Test:  [50/69]  eta: 0:00:10    time: 0.4983  data: 0.0222  max mem: 11941
Test:  [60/69]  eta: 0:00:04    time: 0.4675  data: 0.0222  max mem: 11941
Test:  [68/69]  eta: 0:00:00    time: 0.4682  data: 0.0213  max mem: 11941
Test: Total time: 0:00:35 (0.5213 s / it)
Averaged stats: 
Accumulating evaluation results...
DONE (t=1.99s).
IoU metric: bbox
 Average Precision  (AP) @[ IoU=0.50:0.95 | area=   all | maxDets=100 ] = 0.230
 Average Precision  (AP) @[ IoU=0.50      | area=   all | maxDets=100 ] = 0.386
 Average Precision  (AP) @[ IoU=0.75      | area=   all | maxDets=100 ] = 0.233
 Average Precision  (AP) @[ IoU=0.50:0.95 | area= small | maxDets=100 ] = 0.142
 Average Precision  (AP) @[ IoU=0.50:0.95 | area=medium | maxDets=100 ] = 0.327
 Average Precision  (AP) @[ IoU=0.50:0.95 | area= large | maxDets=100 ] = 0.465
 Average Recall     (AR) @[ IoU=0.50:0.95 | area=   all | maxDets=  1 ] = 0.102
 Average Recall     (AR) @[ IoU=0.50:0.95 | area=   all | maxDets= 10 ] = 0.282
 Average Recall     (AR) @[ IoU=0.50:0.95 | area=   all | maxDets=100 ] = 0.379
 Average Recall     (AR) @[ IoU=0.50:0.95 | area= small | maxDets=100 ] = 0.284
 Average Recall     (AR) @[ IoU=0.50:0.95 | area=medium | maxDets=100 ] = 0.504
 Average Recall     (AR) @[ IoU=0.50:0.95 | area= large | maxDets=100 ] = 0.634
best_stat:  {'epoch': 91, 'coco_eval_bbox': 0.22991487632436228}
Epoch: [93]  [  0/809]  eta: 1:24:36  lr: 0.000010  loss: 8.6083 (8.6083)  loss_bbox: 0.0536 (0.0536)  loss_bbox_aux_0: 0.0583 (0.0583)  loss_bbox_aux_1: 0.0578 (0.0578)  loss_bbox_aux_2: 0.0717 (0.0717)  loss_bbox_dn_0: 0.0447 (0.0447)  loss_bbox_dn_1: 0.0358 (0.0358)  loss_bbox_dn_2: 0.0352 (0.0352)  loss_giou: 0.7561 (0.7561)  loss_giou_aux_0: 0.7800 (0.7800)  loss_giou_aux_1: 0.7578 (0.7578)  loss_giou_aux_2: 0.8638 (0.8638)  loss_giou_dn_0: 0.6439 (0.6439)  loss_giou_dn_1: 0.5700 (0.5700)  loss_giou_dn_2: 0.5591 (0.5591)  loss_vfl: 0.5038 (0.5038)  loss_vfl_aux_0: 0.5095 (0.5095)  loss_vfl_aux_1: 0.5083 (0.5083)  loss_vfl_aux_2: 0.5176 (0.5176)  loss_vfl_dn_0: 0.4555 (0.4555)  loss_vfl_dn_1: 0.4150 (0.4150)  loss_vfl_dn_2: 0.4108 (0.4108)  time: 6.2746  data: 4.4596  max mem: 11941
Epoch: [93]  [100/809]  eta: 0:13:05  lr: 0.000010  loss: 9.4201 (9.4015)  loss_bbox: 0.0641 (0.0754)  loss_bbox_aux_0: 0.0669 (0.0814)  loss_bbox_aux_1: 0.0654 (0.0771)  loss_bbox_aux_2: 0.0784 (0.0938)  loss_bbox_dn_0: 0.0457 (0.0489)  loss_bbox_dn_1: 0.0374 (0.0409)  loss_bbox_dn_2: 0.0364 (0.0399)  loss_giou: 0.8782 (0.8788)  loss_giou_aux_0: 0.9067 (0.9038)  loss_giou_aux_1: 0.8798 (0.8828)  loss_giou_aux_2: 0.9753 (0.9718)  loss_giou_dn_0: 0.7117 (0.7190)  loss_giou_dn_1: 0.6528 (0.6485)  loss_giou_dn_2: 0.6406 (0.6382)  loss_vfl: 0.5051 (0.4870)  loss_vfl_aux_0: 0.5139 (0.5002)  loss_vfl_aux_1: 0.5044 (0.4939)  loss_vfl_aux_2: 0.5077 (0.5007)  loss_vfl_dn_0: 0.4612 (0.4634)  loss_vfl_dn_1: 0.4360 (0.4314)  loss_vfl_dn_2: 0.4279 (0.4248)  time: 1.0551  data: 0.0316  max mem: 11941
Epoch: [93]  [200/809]  eta: 0:10:55  lr: 0.000010  loss: 9.4579 (9.5034)  loss_bbox: 0.0719 (0.0782)  loss_bbox_aux_0: 0.0775 (0.0835)  loss_bbox_aux_1: 0.0734 (0.0798)  loss_bbox_aux_2: 0.0872 (0.0964)  loss_bbox_dn_0: 0.0467 (0.0480)  loss_bbox_dn_1: 0.0379 (0.0400)  loss_bbox_dn_2: 0.0361 (0.0390)  loss_giou: 0.9168 (0.9033)  loss_giou_aux_0: 0.9659 (0.9281)  loss_giou_aux_1: 0.9255 (0.9073)  loss_giou_aux_2: 1.0304 (0.9967)  loss_giou_dn_0: 0.7375 (0.7281)  loss_giou_dn_1: 0.6671 (0.6573)  loss_giou_dn_2: 0.6555 (0.6472)  loss_vfl: 0.4638 (0.4796)  loss_vfl_aux_0: 0.4794 (0.4938)  loss_vfl_aux_1: 0.4704 (0.4871)  loss_vfl_aux_2: 0.4599 (0.4926)  loss_vfl_dn_0: 0.4645 (0.4620)  loss_vfl_dn_1: 0.4346 (0.4311)  loss_vfl_dn_2: 0.4276 (0.4243)  time: 1.0303  data: 0.0281  max mem: 11941
Epoch: [93]  [300/809]  eta: 0:09:00  lr: 0.000010  loss: 9.7963 (9.5592)  loss_bbox: 0.0749 (0.0798)  loss_bbox_aux_0: 0.0817 (0.0848)  loss_bbox_aux_1: 0.0764 (0.0816)  loss_bbox_aux_2: 0.0998 (0.0978)  loss_bbox_dn_0: 0.0469 (0.0475)  loss_bbox_dn_1: 0.0383 (0.0397)  loss_bbox_dn_2: 0.0369 (0.0387)  loss_giou: 0.9653 (0.9145)  loss_giou_aux_0: 0.9983 (0.9397)  loss_giou_aux_1: 0.9734 (0.9192)  loss_giou_aux_2: 1.0535 (1.0080)  loss_giou_dn_0: 0.7602 (0.7321)  loss_giou_dn_1: 0.6875 (0.6617)  loss_giou_dn_2: 0.6751 (0.6514)  loss_vfl: 0.4642 (0.4778)  loss_vfl_aux_0: 0.4713 (0.4915)  loss_vfl_aux_1: 0.4705 (0.4849)  loss_vfl_aux_2: 0.4819 (0.4898)  loss_vfl_dn_0: 0.4597 (0.4620)  loss_vfl_dn_1: 0.4336 (0.4320)  loss_vfl_dn_2: 0.4263 (0.4251)  time: 0.9806  data: 0.0348  max mem: 11941
Epoch: [93]  [400/809]  eta: 0:07:13  lr: 0.000010  loss: 9.1373 (9.5133)  loss_bbox: 0.0624 (0.0782)  loss_bbox_aux_0: 0.0652 (0.0833)  loss_bbox_aux_1: 0.0621 (0.0800)  loss_bbox_aux_2: 0.0799 (0.0963)  loss_bbox_dn_0: 0.0460 (0.0475)  loss_bbox_dn_1: 0.0381 (0.0396)  loss_bbox_dn_2: 0.0369 (0.0386)  loss_giou: 0.8490 (0.9069)  loss_giou_aux_0: 0.8561 (0.9320)  loss_giou_aux_1: 0.8423 (0.9113)  loss_giou_aux_2: 0.9279 (1.0006)  loss_giou_dn_0: 0.7189 (0.7299)  loss_giou_dn_1: 0.6571 (0.6593)  loss_giou_dn_2: 0.6421 (0.6489)  loss_vfl: 0.4847 (0.4771)  loss_vfl_aux_0: 0.4909 (0.4907)  loss_vfl_aux_1: 0.4965 (0.4842)  loss_vfl_aux_2: 0.4765 (0.4890)  loss_vfl_dn_0: 0.4595 (0.4621)  loss_vfl_dn_1: 0.4317 (0.4324)  loss_vfl_dn_2: 0.4262 (0.4254)  time: 1.0300  data: 0.0295  max mem: 11941
Epoch: [93]  [500/809]  eta: 0:05:26  lr: 0.000010  loss: 9.5051 (9.4839)  loss_bbox: 0.0641 (0.0764)  loss_bbox_aux_0: 0.0693 (0.0814)  loss_bbox_aux_1: 0.0657 (0.0781)  loss_bbox_aux_2: 0.0830 (0.0942)  loss_bbox_dn_0: 0.0442 (0.0475)  loss_bbox_dn_1: 0.0370 (0.0396)  loss_bbox_dn_2: 0.0361 (0.0386)  loss_giou: 0.9115 (0.9005)  loss_giou_aux_0: 0.9496 (0.9254)  loss_giou_aux_1: 0.9227 (0.9049)  loss_giou_aux_2: 1.0011 (0.9935)  loss_giou_dn_0: 0.7191 (0.7271)  loss_giou_dn_1: 0.6602 (0.6567)  loss_giou_dn_2: 0.6444 (0.6463)  loss_vfl: 0.4773 (0.4800)  loss_vfl_aux_0: 0.4832 (0.4937)  loss_vfl_aux_1: 0.4735 (0.4873)  loss_vfl_aux_2: 0.4849 (0.4920)  loss_vfl_dn_0: 0.4652 (0.4627)  loss_vfl_dn_1: 0.4337 (0.4326)  loss_vfl_dn_2: 0.4277 (0.4254)  time: 1.0612  data: 0.0294  max mem: 11941
Epoch: [93]  [600/809]  eta: 0:03:40  lr: 0.000010  loss: 9.0396 (9.4751)  loss_bbox: 0.0677 (0.0756)  loss_bbox_aux_0: 0.0707 (0.0807)  loss_bbox_aux_1: 0.0665 (0.0772)  loss_bbox_aux_2: 0.0846 (0.0936)  loss_bbox_dn_0: 0.0453 (0.0472)  loss_bbox_dn_1: 0.0377 (0.0393)  loss_bbox_dn_2: 0.0368 (0.0383)  loss_giou: 0.8029 (0.9004)  loss_giou_aux_0: 0.8312 (0.9256)  loss_giou_aux_1: 0.8254 (0.9046)  loss_giou_aux_2: 0.9304 (0.9941)  loss_giou_dn_0: 0.6905 (0.7259)  loss_giou_dn_1: 0.6324 (0.6556)  loss_giou_dn_2: 0.6207 (0.6452)  loss_vfl: 0.4809 (0.4795)  loss_vfl_aux_0: 0.5122 (0.4935)  loss_vfl_aux_1: 0.4847 (0.4868)  loss_vfl_aux_2: 0.5195 (0.4916)  loss_vfl_dn_0: 0.4610 (0.4629)  loss_vfl_dn_1: 0.4255 (0.4322)  loss_vfl_dn_2: 0.4187 (0.4250)  time: 1.0140  data: 0.0276  max mem: 11941
Epoch: [93]  [700/809]  eta: 0:01:54  lr: 0.000010  loss: 9.4923 (9.4809)  loss_bbox: 0.0757 (0.0760)  loss_bbox_aux_0: 0.0792 (0.0810)  loss_bbox_aux_1: 0.0768 (0.0775)  loss_bbox_aux_2: 0.0904 (0.0940)  loss_bbox_dn_0: 0.0426 (0.0474)  loss_bbox_dn_1: 0.0355 (0.0394)  loss_bbox_dn_2: 0.0343 (0.0384)  loss_giou: 0.9536 (0.9007)  loss_giou_aux_0: 0.9813 (0.9258)  loss_giou_aux_1: 0.9456 (0.9049)  loss_giou_aux_2: 1.0350 (0.9942)  loss_giou_dn_0: 0.7471 (0.7257)  loss_giou_dn_1: 0.6762 (0.6555)  loss_giou_dn_2: 0.6624 (0.6451)  loss_vfl: 0.4495 (0.4799)  loss_vfl_aux_0: 0.4646 (0.4945)  loss_vfl_aux_1: 0.4566 (0.4874)  loss_vfl_aux_2: 0.4731 (0.4927)  loss_vfl_dn_0: 0.4600 (0.4631)  loss_vfl_dn_1: 0.4297 (0.4324)  loss_vfl_dn_2: 0.4198 (0.4251)  time: 1.0277  data: 0.0296  max mem: 11941
Epoch: [93]  [800/809]  eta: 0:00:09  lr: 0.000010  loss: 9.4073 (9.4800)  loss_bbox: 0.0681 (0.0764)  loss_bbox_aux_0: 0.0744 (0.0814)  loss_bbox_aux_1: 0.0695 (0.0779)  loss_bbox_aux_2: 0.0866 (0.0944)  loss_bbox_dn_0: 0.0454 (0.0474)  loss_bbox_dn_1: 0.0402 (0.0395)  loss_bbox_dn_2: 0.0399 (0.0385)  loss_giou: 0.8701 (0.9007)  loss_giou_aux_0: 0.8998 (0.9258)  loss_giou_aux_1: 0.8886 (0.9049)  loss_giou_aux_2: 0.9720 (0.9942)  loss_giou_dn_0: 0.7014 (0.7250)  loss_giou_dn_1: 0.6559 (0.6550)  loss_giou_dn_2: 0.6445 (0.6445)  loss_vfl: 0.4845 (0.4795)  loss_vfl_aux_0: 0.4978 (0.4943)  loss_vfl_aux_1: 0.4904 (0.4870)  loss_vfl_aux_2: 0.5003 (0.4925)  loss_vfl_dn_0: 0.4685 (0.4631)  loss_vfl_dn_1: 0.4345 (0.4325)  loss_vfl_dn_2: 0.4288 (0.4253)  time: 1.0378  data: 0.0274  max mem: 11941
Epoch: [93]  [808/809]  eta: 0:00:01  lr: 0.000010  loss: 9.2398 (9.4814)  loss_bbox: 0.0611 (0.0763)  loss_bbox_aux_0: 0.0643 (0.0813)  loss_bbox_aux_1: 0.0639 (0.0777)  loss_bbox_aux_2: 0.0750 (0.0943)  loss_bbox_dn_0: 0.0426 (0.0474)  loss_bbox_dn_1: 0.0361 (0.0395)  loss_bbox_dn_2: 0.0357 (0.0385)  loss_giou: 0.8714 (0.9010)  loss_giou_aux_0: 0.9064 (0.9261)  loss_giou_aux_1: 0.8807 (0.9052)  loss_giou_aux_2: 0.9512 (0.9945)  loss_giou_dn_0: 0.7014 (0.7252)  loss_giou_dn_1: 0.6559 (0.6552)  loss_giou_dn_2: 0.6445 (0.6448)  loss_vfl: 0.4845 (0.4795)  loss_vfl_aux_0: 0.4978 (0.4943)  loss_vfl_aux_1: 0.4924 (0.4870)  loss_vfl_aux_2: 0.4975 (0.4924)  loss_vfl_dn_0: 0.4687 (0.4632)  loss_vfl_dn_1: 0.4357 (0.4325)  loss_vfl_dn_2: 0.4310 (0.4253)  time: 0.9121  data: 0.0246  max mem: 11941
Epoch: [93] Total time: 0:14:07 (1.0482 s / it)
Averaged stats: lr: 0.000010  loss: 9.2398 (9.4814)  loss_bbox: 0.0611 (0.0763)  loss_bbox_aux_0: 0.0643 (0.0813)  loss_bbox_aux_1: 0.0639 (0.0777)  loss_bbox_aux_2: 0.0750 (0.0943)  loss_bbox_dn_0: 0.0426 (0.0474)  loss_bbox_dn_1: 0.0361 (0.0395)  loss_bbox_dn_2: 0.0357 (0.0385)  loss_giou: 0.8714 (0.9010)  loss_giou_aux_0: 0.9064 (0.9261)  loss_giou_aux_1: 0.8807 (0.9052)  loss_giou_aux_2: 0.9512 (0.9945)  loss_giou_dn_0: 0.7014 (0.7252)  loss_giou_dn_1: 0.6559 (0.6552)  loss_giou_dn_2: 0.6445 (0.6448)  loss_vfl: 0.4845 (0.4795)  loss_vfl_aux_0: 0.4978 (0.4943)  loss_vfl_aux_1: 0.4924 (0.4870)  loss_vfl_aux_2: 0.4975 (0.4924)  loss_vfl_dn_0: 0.4687 (0.4632)  loss_vfl_dn_1: 0.4357 (0.4325)  loss_vfl_dn_2: 0.4310 (0.4253)
Test:  [ 0/69]  eta: 0:01:22    time: 1.1889  data: 0.6760  max mem: 11941
Test:  [10/69]  eta: 0:00:36    time: 0.6125  data: 0.0803  max mem: 11941
Test:  [20/69]  eta: 0:00:29    time: 0.5679  data: 0.0209  max mem: 11941
Test:  [30/69]  eta: 0:00:22    time: 0.5516  data: 0.0218  max mem: 11941
Test:  [40/69]  eta: 0:00:16    time: 0.5064  data: 0.0220  max mem: 11941
Test:  [50/69]  eta: 0:00:10    time: 0.4664  data: 0.0220  max mem: 11941
Test:  [60/69]  eta: 0:00:04    time: 0.4368  data: 0.0222  max mem: 11941
Test:  [68/69]  eta: 0:00:00    time: 0.4528  data: 0.0206  max mem: 11941
Test: Total time: 0:00:35 (0.5132 s / it)
Averaged stats: 
Accumulating evaluation results...
DONE (t=2.63s).
IoU metric: bbox
 Average Precision  (AP) @[ IoU=0.50:0.95 | area=   all | maxDets=100 ] = 0.230
 Average Precision  (AP) @[ IoU=0.50      | area=   all | maxDets=100 ] = 0.387
 Average Precision  (AP) @[ IoU=0.75      | area=   all | maxDets=100 ] = 0.233
 Average Precision  (AP) @[ IoU=0.50:0.95 | area= small | maxDets=100 ] = 0.142
 Average Precision  (AP) @[ IoU=0.50:0.95 | area=medium | maxDets=100 ] = 0.326
 Average Precision  (AP) @[ IoU=0.50:0.95 | area= large | maxDets=100 ] = 0.466
 Average Recall     (AR) @[ IoU=0.50:0.95 | area=   all | maxDets=  1 ] = 0.102
 Average Recall     (AR) @[ IoU=0.50:0.95 | area=   all | maxDets= 10 ] = 0.282
 Average Recall     (AR) @[ IoU=0.50:0.95 | area=   all | maxDets=100 ] = 0.379
 Average Recall     (AR) @[ IoU=0.50:0.95 | area= small | maxDets=100 ] = 0.285
 Average Recall     (AR) @[ IoU=0.50:0.95 | area=medium | maxDets=100 ] = 0.504
 Average Recall     (AR) @[ IoU=0.50:0.95 | area= large | maxDets=100 ] = 0.633
best_stat:  {'epoch': 91, 'coco_eval_bbox': 0.22991487632436228}
Epoch: [94]  [  0/809]  eta: 1:12:25  lr: 0.000010  loss: 10.4886 (10.4886)  loss_bbox: 0.0954 (0.0954)  loss_bbox_aux_0: 0.1180 (0.1180)  loss_bbox_aux_1: 0.1025 (0.1025)  loss_bbox_aux_2: 0.1510 (0.1510)  loss_bbox_dn_0: 0.0371 (0.0371)  loss_bbox_dn_1: 0.0322 (0.0322)  loss_bbox_dn_2: 0.0313 (0.0313)  loss_giou: 1.1351 (1.1351)  loss_giou_aux_0: 1.1607 (1.1607)  loss_giou_aux_1: 1.1340 (1.1340)  loss_giou_aux_2: 1.2394 (1.2394)  loss_giou_dn_0: 0.7685 (0.7685)  loss_giou_dn_1: 0.7341 (0.7341)  loss_giou_dn_2: 0.7227 (0.7227)  loss_vfl: 0.4315 (0.4315)  loss_vfl_aux_0: 0.4391 (0.4391)  loss_vfl_aux_1: 0.4426 (0.4426)  loss_vfl_aux_2: 0.4355 (0.4355)  loss_vfl_dn_0: 0.4460 (0.4460)  loss_vfl_dn_1: 0.4170 (0.4170)  loss_vfl_dn_2: 0.4149 (0.4149)  time: 5.3717  data: 3.5048  max mem: 11941
Epoch: [94]  [100/809]  eta: 0:12:52  lr: 0.000010  loss: 9.2352 (9.4677)  loss_bbox: 0.0639 (0.0751)  loss_bbox_aux_0: 0.0670 (0.0805)  loss_bbox_aux_1: 0.0628 (0.0764)  loss_bbox_aux_2: 0.0805 (0.0942)  loss_bbox_dn_0: 0.0440 (0.0459)  loss_bbox_dn_1: 0.0361 (0.0381)  loss_bbox_dn_2: 0.0354 (0.0371)  loss_giou: 0.8259 (0.9044)  loss_giou_aux_0: 0.8486 (0.9296)  loss_giou_aux_1: 0.8292 (0.9094)  loss_giou_aux_2: 0.9238 (0.9985)  loss_giou_dn_0: 0.6869 (0.7275)  loss_giou_dn_1: 0.6280 (0.6575)  loss_giou_dn_2: 0.6107 (0.6466)  loss_vfl: 0.4805 (0.4734)  loss_vfl_aux_0: 0.5014 (0.4886)  loss_vfl_aux_1: 0.4865 (0.4800)  loss_vfl_aux_2: 0.5007 (0.4860)  loss_vfl_dn_0: 0.4595 (0.4623)  loss_vfl_dn_1: 0.4310 (0.4316)  loss_vfl_dn_2: 0.4229 (0.4249)  time: 1.0348  data: 0.0292  max mem: 11941
Epoch: [94]  [200/809]  eta: 0:10:51  lr: 0.000010  loss: 9.5556 (9.4143)  loss_bbox: 0.0761 (0.0741)  loss_bbox_aux_0: 0.0798 (0.0792)  loss_bbox_aux_1: 0.0770 (0.0754)  loss_bbox_aux_2: 0.0903 (0.0926)  loss_bbox_dn_0: 0.0453 (0.0471)  loss_bbox_dn_1: 0.0359 (0.0390)  loss_bbox_dn_2: 0.0346 (0.0380)  loss_giou: 0.9666 (0.8920)  loss_giou_aux_0: 1.0082 (0.9165)  loss_giou_aux_1: 0.9770 (0.8970)  loss_giou_aux_2: 1.0527 (0.9836)  loss_giou_dn_0: 0.7519 (0.7220)  loss_giou_dn_1: 0.6649 (0.6506)  loss_giou_dn_2: 0.6574 (0.6400)  loss_vfl: 0.4477 (0.4779)  loss_vfl_aux_0: 0.4513 (0.4929)  loss_vfl_aux_1: 0.4513 (0.4851)  loss_vfl_aux_2: 0.4414 (0.4913)  loss_vfl_dn_0: 0.4643 (0.4625)  loss_vfl_dn_1: 0.4361 (0.4326)  loss_vfl_dn_2: 0.4291 (0.4250)  time: 1.0889  data: 0.0273  max mem: 11941
Epoch: [94]  [300/809]  eta: 0:08:57  lr: 0.000010  loss: 9.0417 (9.4346)  loss_bbox: 0.0577 (0.0754)  loss_bbox_aux_0: 0.0625 (0.0810)  loss_bbox_aux_1: 0.0594 (0.0769)  loss_bbox_aux_2: 0.0750 (0.0945)  loss_bbox_dn_0: 0.0426 (0.0474)  loss_bbox_dn_1: 0.0377 (0.0393)  loss_bbox_dn_2: 0.0366 (0.0382)  loss_giou: 0.8114 (0.8930)  loss_giou_aux_0: 0.8265 (0.9173)  loss_giou_aux_1: 0.8145 (0.8982)  loss_giou_aux_2: 0.8977 (0.9845)  loss_giou_dn_0: 0.6983 (0.7221)  loss_giou_dn_1: 0.6331 (0.6507)  loss_giou_dn_2: 0.6211 (0.6404)  loss_vfl: 0.4935 (0.4794)  loss_vfl_aux_0: 0.5180 (0.4939)  loss_vfl_aux_1: 0.5037 (0.4870)  loss_vfl_aux_2: 0.5087 (0.4930)  loss_vfl_dn_0: 0.4674 (0.4632)  loss_vfl_dn_1: 0.4396 (0.4334)  loss_vfl_dn_2: 0.4291 (0.4259)  time: 1.0639  data: 0.0310  max mem: 11941
Epoch: [94]  [400/809]  eta: 0:07:07  lr: 0.000010  loss: 9.4576 (9.4430)  loss_bbox: 0.0627 (0.0756)  loss_bbox_aux_0: 0.0684 (0.0809)  loss_bbox_aux_1: 0.0651 (0.0770)  loss_bbox_aux_2: 0.0787 (0.0941)  loss_bbox_dn_0: 0.0440 (0.0473)  loss_bbox_dn_1: 0.0366 (0.0392)  loss_bbox_dn_2: 0.0358 (0.0382)  loss_giou: 0.8585 (0.8944)  loss_giou_aux_0: 0.8941 (0.9184)  loss_giou_aux_1: 0.8485 (0.8994)  loss_giou_aux_2: 0.9678 (0.9858)  loss_giou_dn_0: 0.7094 (0.7228)  loss_giou_dn_1: 0.6368 (0.6513)  loss_giou_dn_2: 0.6309 (0.6410)  loss_vfl: 0.4843 (0.4797)  loss_vfl_aux_0: 0.5066 (0.4943)  loss_vfl_aux_1: 0.4974 (0.4873)  loss_vfl_aux_2: 0.5023 (0.4932)  loss_vfl_dn_0: 0.4645 (0.4634)  loss_vfl_dn_1: 0.4280 (0.4335)  loss_vfl_dn_2: 0.4207 (0.4260)  time: 1.0550  data: 0.0273  max mem: 11941
Epoch: [94]  [500/809]  eta: 0:05:22  lr: 0.000010  loss: 9.7394 (9.4750)  loss_bbox: 0.0727 (0.0757)  loss_bbox_aux_0: 0.0811 (0.0813)  loss_bbox_aux_1: 0.0743 (0.0771)  loss_bbox_aux_2: 0.0979 (0.0947)  loss_bbox_dn_0: 0.0414 (0.0470)  loss_bbox_dn_1: 0.0351 (0.0390)  loss_bbox_dn_2: 0.0339 (0.0380)  loss_giou: 0.9473 (0.9024)  loss_giou_aux_0: 0.9835 (0.9265)  loss_giou_aux_1: 0.9509 (0.9070)  loss_giou_aux_2: 1.0679 (0.9943)  loss_giou_dn_0: 0.7669 (0.7257)  loss_giou_dn_1: 0.7055 (0.6545)  loss_giou_dn_2: 0.6977 (0.6443)  loss_vfl: 0.4446 (0.4776)  loss_vfl_aux_0: 0.4553 (0.4921)  loss_vfl_aux_1: 0.4601 (0.4855)  loss_vfl_aux_2: 0.4582 (0.4903)  loss_vfl_dn_0: 0.4590 (0.4630)  loss_vfl_dn_1: 0.4307 (0.4333)  loss_vfl_dn_2: 0.4256 (0.4258)  time: 1.0192  data: 0.0310  max mem: 11941
Epoch: [94]  [600/809]  eta: 0:03:37  lr: 0.000010  loss: 9.4582 (9.4856)  loss_bbox: 0.0713 (0.0759)  loss_bbox_aux_0: 0.0747 (0.0813)  loss_bbox_aux_1: 0.0710 (0.0773)  loss_bbox_aux_2: 0.0838 (0.0945)  loss_bbox_dn_0: 0.0436 (0.0472)  loss_bbox_dn_1: 0.0354 (0.0392)  loss_bbox_dn_2: 0.0344 (0.0382)  loss_giou: 0.9171 (0.9040)  loss_giou_aux_0: 0.9409 (0.9279)  loss_giou_aux_1: 0.9159 (0.9086)  loss_giou_aux_2: 1.0196 (0.9959)  loss_giou_dn_0: 0.7231 (0.7264)  loss_giou_dn_1: 0.6503 (0.6552)  loss_giou_dn_2: 0.6384 (0.6451)  loss_vfl: 0.4566 (0.4779)  loss_vfl_aux_0: 0.4767 (0.4928)  loss_vfl_aux_1: 0.4612 (0.4857)  loss_vfl_aux_2: 0.4802 (0.4907)  loss_vfl_dn_0: 0.4653 (0.4631)  loss_vfl_dn_1: 0.4322 (0.4331)  loss_vfl_dn_2: 0.4273 (0.4258)  time: 1.0319  data: 0.0253  max mem: 11941
Epoch: [94]  [700/809]  eta: 0:01:53  lr: 0.000010  loss: 9.2187 (9.4837)  loss_bbox: 0.0674 (0.0765)  loss_bbox_aux_0: 0.0715 (0.0818)  loss_bbox_aux_1: 0.0666 (0.0779)  loss_bbox_aux_2: 0.0821 (0.0950)  loss_bbox_dn_0: 0.0508 (0.0475)  loss_bbox_dn_1: 0.0414 (0.0395)  loss_bbox_dn_2: 0.0404 (0.0385)  loss_giou: 0.7928 (0.9027)  loss_giou_aux_0: 0.8123 (0.9266)  loss_giou_aux_1: 0.7921 (0.9071)  loss_giou_aux_2: 0.9071 (0.9943)  loss_giou_dn_0: 0.6964 (0.7255)  loss_giou_dn_1: 0.6115 (0.6543)  loss_giou_dn_2: 0.5975 (0.6443)  loss_vfl: 0.5138 (0.4787)  loss_vfl_aux_0: 0.5377 (0.4938)  loss_vfl_aux_1: 0.5209 (0.4865)  loss_vfl_aux_2: 0.5371 (0.4918)  loss_vfl_dn_0: 0.4625 (0.4628)  loss_vfl_dn_1: 0.4316 (0.4329)  loss_vfl_dn_2: 0.4225 (0.4256)  time: 1.0386  data: 0.0262  max mem: 11941
Epoch: [94]  [800/809]  eta: 0:00:09  lr: 0.000010  loss: 9.7553 (9.4854)  loss_bbox: 0.0713 (0.0767)  loss_bbox_aux_0: 0.0768 (0.0821)  loss_bbox_aux_1: 0.0732 (0.0781)  loss_bbox_aux_2: 0.0887 (0.0953)  loss_bbox_dn_0: 0.0438 (0.0475)  loss_bbox_dn_1: 0.0366 (0.0395)  loss_bbox_dn_2: 0.0359 (0.0385)  loss_giou: 1.0051 (0.9035)  loss_giou_aux_0: 1.0182 (0.9270)  loss_giou_aux_1: 1.0079 (0.9079)  loss_giou_aux_2: 1.0745 (0.9949)  loss_giou_dn_0: 0.7558 (0.7257)  loss_giou_dn_1: 0.6838 (0.6543)  loss_giou_dn_2: 0.6722 (0.6443)  loss_vfl: 0.4279 (0.4781)  loss_vfl_aux_0: 0.4479 (0.4935)  loss_vfl_aux_1: 0.4331 (0.4860)  loss_vfl_aux_2: 0.4561 (0.4914)  loss_vfl_dn_0: 0.4654 (0.4629)  loss_vfl_dn_1: 0.4338 (0.4328)  loss_vfl_dn_2: 0.4262 (0.4255)  time: 1.0711  data: 0.0294  max mem: 11941
Epoch: [94]  [808/809]  eta: 0:00:01  lr: 0.000010  loss: 9.6137 (9.4879)  loss_bbox: 0.0741 (0.0768)  loss_bbox_aux_0: 0.0765 (0.0822)  loss_bbox_aux_1: 0.0732 (0.0783)  loss_bbox_aux_2: 0.0878 (0.0955)  loss_bbox_dn_0: 0.0409 (0.0476)  loss_bbox_dn_1: 0.0354 (0.0395)  loss_bbox_dn_2: 0.0347 (0.0385)  loss_giou: 0.9396 (0.9041)  loss_giou_aux_0: 0.9789 (0.9277)  loss_giou_aux_1: 0.9394 (0.9085)  loss_giou_aux_2: 1.0244 (0.9957)  loss_giou_dn_0: 0.7318 (0.7259)  loss_giou_dn_1: 0.6656 (0.6545)  loss_giou_dn_2: 0.6545 (0.6444)  loss_vfl: 0.4472 (0.4778)  loss_vfl_aux_0: 0.4653 (0.4932)  loss_vfl_aux_1: 0.4542 (0.4856)  loss_vfl_aux_2: 0.4561 (0.4911)  loss_vfl_dn_0: 0.4590 (0.4628)  loss_vfl_dn_1: 0.4319 (0.4327)  loss_vfl_dn_2: 0.4244 (0.4255)  time: 0.9106  data: 0.0250  max mem: 11941
Epoch: [94] Total time: 0:14:00 (1.0394 s / it)
Averaged stats: lr: 0.000010  loss: 9.6137 (9.4879)  loss_bbox: 0.0741 (0.0768)  loss_bbox_aux_0: 0.0765 (0.0822)  loss_bbox_aux_1: 0.0732 (0.0783)  loss_bbox_aux_2: 0.0878 (0.0955)  loss_bbox_dn_0: 0.0409 (0.0476)  loss_bbox_dn_1: 0.0354 (0.0395)  loss_bbox_dn_2: 0.0347 (0.0385)  loss_giou: 0.9396 (0.9041)  loss_giou_aux_0: 0.9789 (0.9277)  loss_giou_aux_1: 0.9394 (0.9085)  loss_giou_aux_2: 1.0244 (0.9957)  loss_giou_dn_0: 0.7318 (0.7259)  loss_giou_dn_1: 0.6656 (0.6545)  loss_giou_dn_2: 0.6545 (0.6444)  loss_vfl: 0.4472 (0.4778)  loss_vfl_aux_0: 0.4653 (0.4932)  loss_vfl_aux_1: 0.4542 (0.4856)  loss_vfl_aux_2: 0.4561 (0.4911)  loss_vfl_dn_0: 0.4590 (0.4628)  loss_vfl_dn_1: 0.4319 (0.4327)  loss_vfl_dn_2: 0.4244 (0.4255)
Test:  [ 0/69]  eta: 0:01:19    time: 1.1589  data: 0.6219  max mem: 11941
Test:  [10/69]  eta: 0:00:34    time: 0.5868  data: 0.0778  max mem: 11941
Test:  [20/69]  eta: 0:00:27    time: 0.5403  data: 0.0231  max mem: 11941
Test:  [30/69]  eta: 0:00:21    time: 0.5379  data: 0.0234  max mem: 11941
Test:  [40/69]  eta: 0:00:15    time: 0.5118  data: 0.0232  max mem: 11941
Test:  [50/69]  eta: 0:00:09    time: 0.4748  data: 0.0220  max mem: 11941
Test:  [60/69]  eta: 0:00:04    time: 0.4525  data: 0.0229  max mem: 11941
Test:  [68/69]  eta: 0:00:00    time: 0.4658  data: 0.0222  max mem: 11941
Test: Total time: 0:00:35 (0.5112 s / it)
Averaged stats: 
Accumulating evaluation results...
DONE (t=2.02s).
IoU metric: bbox
 Average Precision  (AP) @[ IoU=0.50:0.95 | area=   all | maxDets=100 ] = 0.230
 Average Precision  (AP) @[ IoU=0.50      | area=   all | maxDets=100 ] = 0.387
 Average Precision  (AP) @[ IoU=0.75      | area=   all | maxDets=100 ] = 0.233
 Average Precision  (AP) @[ IoU=0.50:0.95 | area= small | maxDets=100 ] = 0.142
 Average Precision  (AP) @[ IoU=0.50:0.95 | area=medium | maxDets=100 ] = 0.327
 Average Precision  (AP) @[ IoU=0.50:0.95 | area= large | maxDets=100 ] = 0.472
 Average Recall     (AR) @[ IoU=0.50:0.95 | area=   all | maxDets=  1 ] = 0.102
 Average Recall     (AR) @[ IoU=0.50:0.95 | area=   all | maxDets= 10 ] = 0.283
 Average Recall     (AR) @[ IoU=0.50:0.95 | area=   all | maxDets=100 ] = 0.379
 Average Recall     (AR) @[ IoU=0.50:0.95 | area= small | maxDets=100 ] = 0.285
 Average Recall     (AR) @[ IoU=0.50:0.95 | area=medium | maxDets=100 ] = 0.505
 Average Recall     (AR) @[ IoU=0.50:0.95 | area= large | maxDets=100 ] = 0.637
best_stat:  {'epoch': 94, 'coco_eval_bbox': 0.23021833186445012}
Training time 2:10:31
